C51 COMPILER V9.54   USE_                                                                  05/29/2024 13:29:19 PAGE 1   


C51 COMPILER V9.54, COMPILATION OF MODULE USE_
OBJECT MODULE PLACED IN use'.OBJ
COMPILER INVOKED BY: D:\51project\Keil_v5\keil\C51\BIN\C51.EXE use'.c OPTIMIZE(8,SPEED) BROWSE DEBUG OBJECTEXTEND TABS(2
                    -)

line level    source

   1          /*************************************************************/
   2          /********************* 24 ???????? *******************/
   3          /*************************************************************/
   4          /************************* ??:XHCH ************************/
   5          /*************************************************************/
   6          /******************* ????:2012?2?3? ******************/
   7          /*************************************************************/
   8          /***************************************************************************
   9          ????: ????????
  10          
  11          ????:  51??????????????????(1602)
  12          
  13          ????:  51??????------?????
  14                  P1.0~P1.3 --------- ROW1~ROW4
  15                  P1.4~P1.7 --------- LINE1~LINE4       
  16                    
  17                51??????------?????(1602????)
  18                    P2.0 --------- RS
  19                    P2.1 --------- RW
  20                    P2.2 --------- E
  21                   P0.0~P0.7 --------- BD0~BD7    
  22                      
  23          ????: 1602????????????,????????????
  24          
  25          ????: 2017.10.17
  26          ***************************************************************************/
  27          
  28          #include <reg52.h>               
  29          
  30          unsigned char  dis_buf;       //????
  31          unsigned char  temp;
  32          unsigned char  key=0;         //????
  33          
  34          sbit  LCM_RS = P2^0;      //????
  35          sbit  LCM_RW = P2^1;
  36          sbit  LCM_E  = P2^2;
  37          
  38          #define LCM_Data P0
  39          #define Busy 0x80 //????LCM?????Busy??
  40          
  41          unsigned char code  cdis1[ ] = {"computer user:"};//1 3 1 5
  42          unsigned char Code1[]={'1','2','3','+','4','5','6','-','7','8','9','/','*','0','=','D'};
  43          int j = 0;
  44          unsigned char num[4]={'-','-','-','-'};
  45          unsigned char Code[]={'1','2','3','A','4','5','6','B','7','8','9','C','*','0','#','D'};
  46          unsigned char a[4],b[4];
  47          unsigned char yunsuanfu;
  48          int num1=0,N1,x=0;
  49          unsigned char flag=0;
  50          
  51          /**********************************************************/
  52          /*******************LCM1602????************************/
  53          /**********************************************************/
  54          //???
C51 COMPILER V9.54   USE_                                                                  05/29/2024 13:29:19 PAGE 2   

  55          unsigned char ReadStatusLCM(void)
  56          {
  57   1          LCM_Data = 0xFF; 
  58   1          LCM_RS = 0;
  59   1          LCM_RW = 1;
  60   1          LCM_E = 0;
  61   1          LCM_E = 0;
  62   1          LCM_E = 1;
  63   1          while (LCM_Data & Busy); //?????
  64   1          return(LCM_Data);
  65   1          LCM_E = 0;
  66   1      }
  67          
  68          
  69          /**********************************************************/
  70          //5ms??
  71          void Delay5Ms(void)
  72          {
  73   1          unsigned int TempCyc = 5552;
  74   1          while(TempCyc--);
  75   1      }
  76          
  77          /**********************************************************/
  78          //???
  79          void WriteDataLCM(unsigned char WDLCM)
  80          {
  81   1          ReadStatusLCM(); //???
  82   1          LCM_Data = WDLCM;
  83   1          LCM_RS = 1;
  84   1          LCM_RW = 0;
  85   1          LCM_E = 0; //?????????????????
  86   1          LCM_E = 0; //??
  87   1          LCM_E = 1;
  88   1          LCM_E = 0;
  89   1      }
  90          
  91          /**********************************************************/
  92          //???
  93          void WriteCommandLCM(unsigned char WCLCM,BuysC) //BuysC?0??????
  94          {
  95   1          if (BuysC) ReadStatusLCM(); //???????
  96   1          LCM_Data = WCLCM;
  97   1          LCM_RS = 0;
  98   1          LCM_RW = 0; 
  99   1          LCM_E = 0;
 100   1          LCM_E = 0;
 101   1          LCM_E = 1; 
 102   1          LCM_E = 0;
 103   1      }
 104          
 105          /**********************************************************/
 106          //???
 107          unsigned char ReadDataLCM(void)
 108          {
 109   1          LCM_RS = 1; 
 110   1          LCM_RW = 1;
 111   1          LCM_E = 0;
 112   1          LCM_E = 0;
 113   1          LCM_E = 1;
 114   1          return(LCM_Data);
 115   1          LCM_E = 0;
 116   1      }
C51 COMPILER V9.54   USE_                                                                  05/29/2024 13:29:19 PAGE 3   

 117          
 118          /**********************************************************/
 119          //LCM???
 120          void LCMInit(void) 
 121          {
 122   1          LCM_Data = 0;
 123   1          WriteCommandLCM(0x38,0); //????????,??????
 124   1          Delay5Ms();
 125   1        WriteCommandLCM(0x38,0);
 126   1          Delay5Ms(); 
 127   1          WriteCommandLCM(0x38,0);
 128   1          Delay5Ms(); 
 129   1      
 130   1          WriteCommandLCM(0x38,1); //??????,???????????
 131   1          WriteCommandLCM(0x08,1); //????
 132   1          WriteCommandLCM(0x01,1); //????
 133   1          WriteCommandLCM(0x06,1); //????????
 134   1          WriteCommandLCM(0x0C,1); //????????
 135   1      }
 136          
 137          /**********************************************************/
 138          //???????????
 139          void DisplayOneChar(unsigned char X, unsigned char Y, unsigned char DData)
 140          {
 141   1          Y &= 0x1;
 142   1          X &= 0xF;             //??X????15,Y????1
 143   1          if (Y) X |= 0x40;     //???????????+0x40;
 144   1          X |= 0x80;            //?????
 145   1          WriteCommandLCM(X, 0);  //????????,?????
 146   1          WriteDataLCM(DData);
 147   1      }
 148          
 149          /**********************************************************/
 150          // ??????
 151          void  keyscan(void)
 152           { 
 153   1         int i,y=0,N2;
 154   1         unsigned char charN1;
 155   1          P1=0xF0;                //?????,?????,????????0
 156   1         temp=P1;               //?P1?       
 157   1          temp=temp&0xF0;
 158   1          temp=~((temp>>4)|0xF0);
 159   1          if(temp==1)
 160   1              key=0;
 161   1          else if(temp==2)
 162   1              key=1;
 163   1          else if(temp==4)
 164   1              key=2;
 165   1          else if(temp==8)
 166   1              key=3;
 167   1          P1=0x0F;                 //?????,?????,????????0  
 168   1         temp=P1;                //?P1? 
 169   1          temp=temp&0x0F;
 170   1          temp=~(temp|0xF0);        
 171   1          if(temp==1)
 172   1              key=key+0;
 173   1          else if(temp==2)
 174   1              key=key+4;
 175   1          else if(temp==4)
 176   1              key=key+8;
 177   1          else if(temp==8)
 178   1              key=key+12;
C51 COMPILER V9.54   USE_                                                                  05/29/2024 13:29:19 PAGE 4   

 179   1            
 180   1           dis_buf = key;              //???????
 181   1           dis_buf = dis_buf&0x0f;
 182   1      
 183   1      
 184   1           num[j]=Code1[key];
 185   1           
 186   1           if(Code1[key] == '+' || Code1[key] == '-' || Code1[key] == '*' || Code1[key] == '/')   //??????????
 187   1           {
 188   2             yunsuanfu = Code1[key];
 189   2             N1 = num1;
 190   2             num1 = 0;
 191   2           }
 192   1           else if(Code1[key]=='=')   //????
 193   1           {
 194   2             if(yunsuanfu == '+')
 195   2             {
 196   3                N1=N1+num1;
 197   3             }
 198   2             if(yunsuanfu == '-')
 199   2             {
 200   3               N1=N1-num1;
 201   3             }
 202   2             if(yunsuanfu == '*')
 203   2             {
 204   3                N1=N1*num1;
 205   3             }
 206   2             if(yunsuanfu == '/')
 207   2             {
 208   3               N1=N1/num1;
 209   3             }
 210   2            
 211   2             flag = j+1;
 212   2             i = 0;
 213   2             N2 = N1;
 214   2             do                  //????????,?do-while??,???????
 215   2             {
 216   3               y++;
 217   3               N2/=10;
 218   3             }while(N2!=0);    //??????
 219   2             do
 220   2             {
 221   3               DisplayOneChar(0x00 + j + y, 1, (N1 % 10) + '0');
 222   3               N1 /= 10;
 223   3               y--;
 224   3             }while(N1!=0);
 225   2             num1 = 0;
 226   2             N1 = 0;
 227   2            
 228   2           }
 229   1            else   //?????????,??0??ASCIL,??0????
 230   1            {
 231   2              num1=num1*10+(Code1[key]-'0');//???????0x30????????,????????????????
 232   2               
 233   2            }
 234   1      
 235   1            j ++;
 236   1       }
*** WARNING C280 IN LINE 154 OF use'.c: 'charN1': unreferenced local variable
 237          
 238          /*************************************************************/
 239          //???????
C51 COMPILER V9.54   USE_                                                                  05/29/2024 13:29:19 PAGE 5   

 240          void  keydown(void)
 241           {  
 242   1          P1=0xF0;
 243   1         Delay5Ms();
 244   1        if(P1!=0xF0)
 245   1        {
 246   2          keyscan();
 247   2          Delay5Ms();
 248   2          while(P1==0xF0);
 249   2          Delay5Ms();
 250   2          }
 251   1       }
 252          
 253          /*************************************************************/
 254          // ???
 255          main()
 256           {
 257   1          unsigned char m;
 258   1         unsigned char i;
 259   1        unsigned char k;
 260   1          P0=0xFF;                    //?P0?
 261   1          P2=0xFF;                    //?P2?  
 262   1          Delay5Ms();                 //??
 263   1          LCMInit();                  //???LCD             
 264   1              
 265   1           m = 0;
 266   1          while(cdis1[m] != '\0')
 267   1           {                         //????
 268   2             DisplayOneChar(m,0,cdis1[m]);
 269   2             m++;
 270   2           }
 271   1      
 272   1           m = 0;
 273   1      
 274   1          dis_buf = 0x2d;               //????"-"
 275   1      
 276   1          while(1)
 277   1          { 
 278   2             keydown();
 279   2            if (flag!=0 && j > flag)      //?????????
 280   2            {
 281   3              flag = 0;
 282   3              for(i = 0; i<16 ;i++)
 283   3            {
 284   4               DisplayOneChar(0x00+i,1,' ');    //?????
 285   4                num1 = 0;
 286   4                x = 0;
 287   4            }
 288   3            j = 0;
 289   3            }
 290   2            else
 291   2              {
 292   3                for(i = 0; i<j ;i++)
 293   3                {
 294   4                  DisplayOneChar(0x00+i,1,num[i]);    //?????
 295   4                }
 296   3            
 297   3              }
 298   2        }  
 299   1      }   
*** WARNING C280 IN LINE 259 OF use'.c: 'k': unreferenced local variable
 300          
C51 COMPILER V9.54   USE_                                                                  05/29/2024 13:29:19 PAGE 6   

 301          /************************************************************/
*** WARNING C294 IN LINE 65 OF use'.c: unreachable code
*** WARNING C294 IN LINE 115 OF use'.c: unreachable code


MODULE INFORMATION:   STATIC OVERLAYABLE
   CODE SIZE        =    720    ----
   CONSTANT SIZE    =     15    ----
   XDATA SIZE       =   ----    ----
   PDATA SIZE       =   ----    ----
   DATA SIZE        =     57       6
   IDATA SIZE       =   ----    ----
   BIT SIZE         =   ----    ----
END OF MODULE INFORMATION.


C51 COMPILATION COMPLETE.  4 WARNING(S),  0 ERROR(S)
