<html>
<body>
<pre>
<h1>µVision Build Log</h1>
<h2>Tool Versions:</h2>
IDE-Version: ¦ÌVision V5.40.0.0
Copyright (C) 2024 ARM Ltd and ARM Germany GmbH. All rights reserved.
License Information: mao maozhiquan, 1, LIC=8VRJ7-EGT0N-IIG5V-PVIXC-7MG35-5I9T1
 
Tool Versions:
Toolchain:       MDK-ARM Plus  Version: 5.40.0.3
Toolchain Path:  D:\Users\code-use\keil\use\ARM\ARMCLANG\Bin
C Compiler:      ArmClang.exe V6.22
Assembler:       Armasm.exe V6.22
Linker/Locator:  ArmLink.exe V6.22
Library Manager: ArmAr.exe V6.22
Hex Converter:   FromElf.exe V6.22
CPU DLL:         SARMCM3.DLL V5.40.0.3
Dialog DLL:      DCM.DLL V1.17.5.0
Target DLL:      CMSIS_AGDI.dll V1.33.18.0
Dialog DLL:      TCM.DLL V1.56.4.0
 
<h2>Project:</h2>
D:\project\32project\standard\19-5_LED\LED\MDK-ARM\LED.uvprojx
Project File Date:  07/24/2024

<h2>Output:</h2>
*** Using Compiler 'V6.22', folder: 'D:\Users\code-use\keil\use\ARM\ARMCLANG\Bin'
Rebuild target 'LED'
assembling startup_stm32f103xb.s...
compiling adc.c...
compiling stm32f1xx_hal_msp.c...
compiling tim.c...
compiling stm32f1xx_it.c...
compiling usart.c...
compiling stm32f1xx_hal_gpio_ex.c...
compiling gpio.c...
compiling main.c...
compiling stm32f1xx_hal.c...
compiling stm32f1xx_hal_rcc_ex.c...
compiling stm32f1xx_hal_adc_ex.c...
compiling stm32f1xx_hal_adc.c...
compiling stm32f1xx_hal_gpio.c...
compiling stm32f1xx_hal_rcc.c...
compiling stm32f1xx_hal_cortex.c...
compiling stm32f1xx_hal_dma.c...
compiling stm32f1xx_hal_pwr.c...
compiling stm32f1xx_hal_flash.c...
compiling stm32f1xx_hal_flash_ex.c...
compiling stm32f1xx_hal_exti.c...
compiling system_stm32f1xx.c...
compiling oled.c...
compiling motor.c...
compiling stm32f1xx_hal_tim_ex.c...
compiling pid.c...
compiling stm32f1xx_hal_uart.c...
compiling niming.c...
compiling stm32f1xx_hal_tim.c...
compiling HC_SR04.c...
../HARDWARE/CJSON/cJSON.c(113): warning: use of NaN via a macro is undefined behavior due to the currently enabled floating-point options [-Wnan-infinity-disabled]
  113 |         return (double) NAN;
      |                         ^
../HARDWARE/CJSON/cJSON.c(113): warning: use of NaN is undefined behavior due to the currently enabled floating-point options [-Wnan-infinity-disabled]
  113 |         return (double) NAN;
      |                         ^~~
D:\Users\code-use\keil\use\ARM\ARMCLANG\bin\..\include\math.h(272): note: expanded from macro 'NAN'
  272 | #   define NAN __builtin_nanf("")
      |                ^~~~~~~~~~~~~~~~~~
2 warnings generated.
compiling cJSON.c...
compiling mpu6050.c...
compiling mpuiic.c...
compiling inv_mpu_dmp_motion_driver.c...
compiling inv_mpu.c...
linking...
Program Size: Code=33248 RO-data=2536 RW-data=16 ZI-data=3176  
FromELF: creating hex file...
"LED\LED.axf" - 0 Error(s), 2 Warning(s).

<h2>Software Packages used:</h2>

Package Vendor: ARM
                https://www.keil.com/pack/ARM.CMSIS.6.1.0.pack
                ARM::CMSIS@6.1.0
                CMSIS (Common Microcontroller Software Interface Standard)
   * Component: CORE Version: 6.1.0

Package Vendor: Keil
                https://www.keil.com/pack/Keil.STM32F1xx_DFP.2.4.1.pack
                Keil::STM32F1xx_DFP@2.4.1
                STMicroelectronics STM32F1 Series Device Support, Drivers and Examples

<h2>Collection of Component include folders:</h2>
  ./RTE/_LED
  D:/Users/code-use/keil/Pack/ARM/CMSIS/6.1.0/CMSIS/Core/Include
  D:/Users/code-use/keil/Pack/Keil/STM32F1xx_DFP/2.4.1/Device/Include

<h2>Collection of Component Files used:</h2>

   * Component: ARM::CMSIS:CORE@6.1.0
Build Time Elapsed:  00:00:03
</pre>
</body>
</html>
