<html>
<body>
<pre>
<h1>�Vision Build Log</h1>
<h2>Tool Versions:</h2>
IDE-Version: ��Vision V5.40.0.0
Copyright (C) 2024 ARM Ltd and ARM Germany GmbH. All rights reserved.
License Information: mao maozhiquan, 1, LIC=8VRJ7-EGT0N-IIG5V-PVIXC-7MG35-5I9T1
 
Tool Versions:
Toolchain:       MDK-ARM Plus  Version: 5.40.0.3
Toolchain Path:  D:\Users\code-use\keil\use\ARM\ARMCOMPLIER506\Bin
C Compiler:      Armcc.exe V5.06 update 7 (build 960)
Assembler:       Armasm.exe V5.06 update 7 (build 960)
Linker/Locator:  ArmLink.exe V5.06 update 7 (build 960)
Library Manager: ArmAr.exe V5.06 update 7 (build 960)
Hex Converter:   FromElf.exe V5.06 update 7 (build 960)
CPU DLL:         SARMCM3.DLL V5.40.0.3
Dialog DLL:      DCM.DLL V1.17.5.0
Target DLL:      STLink\ST-LINKIII-KEIL_SWO.dll V3.3.0.0
Dialog DLL:      TCM.DLL V1.56.4.0
 
<h2>Project:</h2>
D:\project\32project\HAL\competition7-8_bigin\MDK-ARM\competition7-8.uvprojx
Project File Date:  07/24/2024

<h2>Output:</h2>
*** Using Compiler 'V5.06 update 7 (build 960)', folder: 'D:\Users\code-use\keil\use\ARM\ARMCOMPLIER506\Bin'
Rebuild target 'competition7-8'
assembling startup_stm32f407xx.s...
compiling main.c...
../Core/Src/main.c(71): warning:  #167-D: argument of type "uint8_t *" is incompatible with parameter of type "char *"
          OLED_ShowString(2,10,Rxbuf);
../Core/Src/main.c: 1 warning, 0 errors
compiling stm32f4xx_it.c...
compiling i2c.c...
compiling stm32f4xx_hal_msp.c...
compiling usart.c...
compiling gpio.c...
compiling tim.c...
compiling stm32f4xx_hal_i2c.c...
compiling stm32f4xx_hal_i2c_ex.c...
compiling stm32f4xx_hal_flash_ramfunc.c...
compiling stm32f4xx_hal_rcc_ex.c...
compiling stm32f4xx_hal_gpio.c...
compiling stm32f4xx_hal_flash.c...
compiling stm32f4xx_hal_flash_ex.c...
compiling stm32f4xx_hal_rcc.c...
compiling stm32f4xx_hal_dma_ex.c...
compiling stm32f4xx_hal_dma.c...
compiling stm32f4xx_hal_pwr_ex.c...
compiling stm32f4xx_hal_exti.c...
compiling stm32f4xx_hal_pwr.c...
compiling stm32f4xx_hal.c...
compiling stm32f4xx_hal_cortex.c...
compiling stm32f4xx_hal_tim_ex.c...
compiling stm32f4xx_hal_tim.c...
compiling system_stm32f4xx.c...
compiling encoder.c...
library\encoder.c(24): warning:  #177-D: variable "i"  was declared but never referenced
    static unsigned char i = 0;
library\encoder.c: 1 warning, 0 errors
compiling Delay.c...
compiling gray.c...
compiling MyI2C.c...
library\MyI2C.c(87): warning:  #188-D: enumerated type mixed with another type
  	MyI2C_W_SDA(1);							//释放SDA，确保SDA为高电平
library\MyI2C.c(89): warning:  #188-D: enumerated type mixed with another type
  	MyI2C_W_SDA(0);							//在SCL高电平期间，拉低SDA，产生起始信�?
library\MyI2C.c(100): warning:  #188-D: enumerated type mixed with another type
  	MyI2C_W_SDA(0);							//拉低SDA，确保SDA为低电平
library\MyI2C.c(102): warning:  #188-D: enumerated type mixed with another type
  	MyI2C_W_SDA(1);							//在SCL高电平期间，释放SDA，产生终止信�?
library\MyI2C.c(115): warning:  #188-D: enumerated type mixed with another type
  		MyI2C_W_SDA(Byte & (0x80 >> i));	//使用掩码的方式取出Byte的指定一位数据并写入到SDA�?
library\MyI2C.c(129): warning:  #188-D: enumerated type mixed with another type
  	MyI2C_W_SDA(1);							//接收前，主机先确保释放SDA，避免干扰从机的数据发�?
library\MyI2C.c(147): warning:  #188-D: enumerated type mixed with another type
  	MyI2C_W_SDA(AckBit);					//主机把应答位数据放到SDA�?
library\MyI2C.c(160): warning:  #188-D: enumerated type mixed with another type
  	MyI2C_W_SDA(1);							//接收前，主机先确保释放SDA，避免干扰从机的数据发�?
library\MyI2C.c: 8 warnings, 0 errors
compiling pid.c...
compiling OLED.c...
compiling MPU6050.c...
library\MPU6050.c(115): warning:  #177-D: variable "r"  was declared but never referenced
     	uint32_t r;
library\MPU6050.c: 1 warning, 0 errors
compiling stm32f4xx_hal_uart.c...
compiling drive.c...
compiling med.c...
linking...
Program Size: Code=10466 RO-data=1970 RW-data=24 ZI-data=2336  
FromELF: creating hex file...
"competition7-8\competition7-8.axf" - 0 Error(s), 11 Warning(s).

<h2>Software Packages used:</h2>

Package Vendor: ARM
                https://www.keil.com/pack/ARM.CMSIS.6.1.0.pack
                ARM::CMSIS@6.1.0
                CMSIS (Common Microcontroller Software Interface Standard)
   * Component: CORE Version: 6.1.0

Package Vendor: Keil
                https://www.keil.com/pack/Keil.STM32F4xx_DFP.2.17.1.pack
                Keil::STM32F4xx_DFP@2.17.1
                STMicroelectronics STM32F4 Series Device Support, Drivers and Examples

<h2>Collection of Component include folders:</h2>
  ./RTE/_competition7-8
  D:/Users/code-use/keil/Pack/ARM/CMSIS/6.1.0/CMSIS/Core/Include
  D:/Users/code-use/keil/Pack/Keil/STM32F4xx_DFP/2.17.1/Drivers/CMSIS/Device/ST/STM32F4xx/Include

<h2>Collection of Component Files used:</h2>

   * Component: ARM::CMSIS:CORE@6.1.0
Build Time Elapsed:  00:00:29
</pre>
</body>
</html>
