<html>
<body>
<pre>
<h1>礦ision Build Log</h1>
<h2>Tool Versions:</h2>
IDE-Version: μVision V5.24.2.0
Copyright (C) 2017 ARM Ltd and ARM Germany GmbH. All rights reserved.
License Information: mao maozhiquan, no, LIC=----
 
Tool Versions:
Toolchain:       MDK-Lite  Version: 5.24.1
Toolchain Path:  D:\51project\Keil_v5\keil\ARM\ARMCC\Bin
C Compiler:      Armcc.exe V5.06 update 5 (build 528)
Assembler:       Armasm.exe V5.06 update 5 (build 528)
Linker/Locator:  ArmLink.exe V5.06 update 5 (build 528)
Library Manager: ArmAr.exe V5.06 update 5 (build 528)
Hex Converter:   FromElf.exe V5.06 update 5 (build 528)
CPU DLL:         SARMCM3.DLL V5.24.1
Dialog DLL:      DCM.DLL V1.16.0.0
Target DLL:      STLink\ST-LINKIII-KEIL_SWO.dll V3.0.1.0
Dialog DLL:      TCM.DLL V1.32.0.0
 
<h2>Project:</h2>
d:\51project\stm32\32工程文件\Car\USER\Car.uvprojx
Project File Date:  09/21/2023

<h2>Output:</h2>
*** Using Compiler 'V5.06 update 5 (build 528)', folder: 'D:\51project\Keil_v5\keil\ARM\ARMCC\Bin'
Build target 'Target 1'
compiling core_cm3.c...
compiling stm32f10x_crc.c...
compiling misc.c...
compiling stm32f10x_cec.c...
compiling stm32f10x_adc.c...
compiling stm32f10x_can.c...
compiling stm32f10x_bkp.c...
compiling stm32f10x_dac.c...
compiling stm32f10x_dbgmcu.c...
compiling stm32f10x_gpio.c...
compiling stm32f10x_dma.c...
compiling stm32f10x_flash.c...
compiling stm32f10x_exti.c...
compiling stm32f10x_fsmc.c...
compiling stm32f10x_iwdg.c...
compiling stm32f10x_i2c.c...
compiling stm32f10x_pwr.c...
compiling stm32f10x_spi.c...
compiling stm32f10x_rtc.c...
compiling stm32f10x_rcc.c...
compiling stm32f10x_sdio.c...
assembling startup_stm32f10x_md.s...
compiling stm32f10x_it.c...
compiling stm32f10x_wwdg.c...
compiling system_stm32f10x.c...
compiling stm32f10x_usart.c...
compiling MPU6050.c...
..\MYFUNTIONS\MPU6050.c(83): warning:  #1-D: last line of file ends without a newline
  }
..\MYFUNTIONS\MPU6050.c: 1 warning, 0 errors
compiling stm32f10x_tim.c...
compiling Motor.c...
compiling PID.c...
compiling I2C.c...
..\MYFUNTIONS\I2C.c(91): warning:  #1-D: last line of file ends without a newline
  }
..\MYFUNTIONS\I2C.c: 1 warning, 0 errors
compiling Delay.c...
compiling Resver.c...
compiling main.c...
..\OBJ\Sys.h(12): warning:  #1-D: last line of file ends without a newline
  #endif
..\OBJ\main.c(44): warning:  #1-D: last line of file ends without a newline
  		
..\OBJ\main.c: 2 warnings, 0 errors
compiling OLED.c...
linking...
Program Size: Code=8746 RO-data=1790 RW-data=12 ZI-data=1708  
FromELF: creating hex file...
".\Objects\frist-project.axf" - 0 Error(s), 4 Warning(s).

<h2>Software Packages used:</h2>

Package Vendor: Keil
                http://www.keil.com/pack/Keil.STM32F1xx_DFP.2.2.0.pack
                Keil.STM32F1xx_DFP.2.2.0
                STMicroelectronics STM32F1 Series Device Support, Drivers and Examples

<h2>Collection of Component include folders:</h2>
  .\RTE\_Target_1
  D:\51project\Keil_v5\keil\Keil\STM32F1xx_DFP\2.2.0\Device\Include

<h2>Collection of Component Files used:</h2>
Build Time Elapsed:  00:00:06
</pre>
</body>
</html>
