Component: ARM Compiler 5.06 update 6 (build 750) Tool: armlink [4d35ed]

==============================================================================

Section Cross References

    startup_stm32f767xx.o(RESET) refers to startup_stm32f767xx.o(STACK) for __initial_sp
    startup_stm32f767xx.o(RESET) refers to startup_stm32f767xx.o(.text) for Reset_Handler
    startup_stm32f767xx.o(RESET) refers to stm32f7xx_it.o(i.NMI_Handler) for NMI_Handler
    startup_stm32f767xx.o(RESET) refers to stm32f7xx_it.o(i.HardFault_Handler) for HardFault_Handler
    startup_stm32f767xx.o(RESET) refers to stm32f7xx_it.o(i.MemManage_Handler) for MemManage_Handler
    startup_stm32f767xx.o(RESET) refers to stm32f7xx_it.o(i.BusFault_Handler) for BusFault_Handler
    startup_stm32f767xx.o(RESET) refers to stm32f7xx_it.o(i.UsageFault_Handler) for UsageFault_Handler
    startup_stm32f767xx.o(RESET) refers to stm32f7xx_it.o(i.SVC_Handler) for SVC_Handler
    startup_stm32f767xx.o(RESET) refers to stm32f7xx_it.o(i.DebugMon_Handler) for DebugMon_Handler
    startup_stm32f767xx.o(RESET) refers to stm32f7xx_it.o(i.PendSV_Handler) for PendSV_Handler
    startup_stm32f767xx.o(RESET) refers to stm32f7xx_it.o(i.SysTick_Handler) for SysTick_Handler
    startup_stm32f767xx.o(RESET) refers to stm32f7xx_it.o(i.USART1_IRQHandler) for USART1_IRQHandler
    startup_stm32f767xx.o(RESET) refers to stm32f7xx_it.o(i.SDMMC1_IRQHandler) for SDMMC1_IRQHandler
    startup_stm32f767xx.o(RESET) refers to stm32f7xx_it.o(i.DMA2_Stream3_IRQHandler) for DMA2_Stream3_IRQHandler
    startup_stm32f767xx.o(RESET) refers to stm32f7xx_it.o(i.OTG_FS_IRQHandler) for OTG_FS_IRQHandler
    startup_stm32f767xx.o(RESET) refers to stm32f7xx_it.o(i.DMA2_Stream6_IRQHandler) for DMA2_Stream6_IRQHandler
    startup_stm32f767xx.o(.text) refers to system_stm32f7xx.o(i.SystemInit) for SystemInit
    startup_stm32f767xx.o(.text) refers to entry.o(.ARM.Collect$$$$00000000) for __main
    main.o(i.SDFatfs_test) refers to memcpya.o(.text) for __aeabi_memcpy4
    main.o(i.SDFatfs_test) refers to printf5.o(i.__0printf$5) for __2printf
    main.o(i.SDFatfs_test) refers to ff.o(i.f_mount) for f_mount
    main.o(i.SDFatfs_test) refers to ff_gen_drv.o(i.FATFS_GetAttachedDriversNbr) for FATFS_GetAttachedDriversNbr
    main.o(i.SDFatfs_test) refers to main.o(i.exf_getfree) for exf_getfree
    main.o(i.SDFatfs_test) refers to ff.o(i.f_open) for f_open
    main.o(i.SDFatfs_test) refers to ff.o(i.f_write) for f_write
    main.o(i.SDFatfs_test) refers to ff.o(i.f_close) for f_close
    main.o(i.SDFatfs_test) refers to ff.o(i.f_read) for f_read
    main.o(i.SDFatfs_test) refers to fatfs.o(.data) for retSD
    main.o(i.SystemClock_Config) refers to memseta.o(.text) for __aeabi_memclr4
    main.o(i.SystemClock_Config) refers to stm32f7xx_hal_rcc.o(i.HAL_RCC_OscConfig) for HAL_RCC_OscConfig
    main.o(i.SystemClock_Config) refers to stm32f7xx_hal_pwr_ex.o(i.HAL_PWREx_EnableOverDrive) for HAL_PWREx_EnableOverDrive
    main.o(i.SystemClock_Config) refers to stm32f7xx_hal_rcc.o(i.HAL_RCC_ClockConfig) for HAL_RCC_ClockConfig
    main.o(i.SystemClock_Config) refers to stm32f7xx_hal_rcc_ex.o(i.HAL_RCCEx_PeriphCLKConfig) for HAL_RCCEx_PeriphCLKConfig
    main.o(i.exf_getfree) refers to ff.o(i.f_getfree) for f_getfree
    main.o(i.main) refers to stm32f7xx_hal.o(i.HAL_Init) for HAL_Init
    main.o(i.main) refers to main.o(i.SystemClock_Config) for SystemClock_Config
    main.o(i.main) refers to gpio.o(i.MX_GPIO_Init) for MX_GPIO_Init
    main.o(i.main) refers to dma.o(i.MX_DMA_Init) for MX_DMA_Init
    main.o(i.main) refers to sdmmc.o(i.MX_SDMMC1_SD_Init) for MX_SDMMC1_SD_Init
    main.o(i.main) refers to fatfs.o(i.MX_FATFS_Init) for MX_FATFS_Init
    main.o(i.main) refers to usart.o(i.MX_USART1_UART_Init) for MX_USART1_UART_Init
    main.o(i.main) refers to usb_host.o(i.MX_USB_HOST_Init) for MX_USB_HOST_Init
    main.o(i.main) refers to stm32f7xx_hal_sd.o(i.HAL_SD_Init) for HAL_SD_Init
    main.o(i.main) refers to stm32f7xx_hal_sd.o(i.HAL_SD_InitCard) for HAL_SD_InitCard
    main.o(i.main) refers to main.o(i.SDFatfs_test) for SDFatfs_test
    main.o(i.main) refers to delay.o(i.delay_init) for delay_init
    main.o(i.main) refers to printf5.o(i.__0printf$5) for __2printf
    main.o(i.main) refers to delay.o(i.delay_ms) for delay_ms
    main.o(i.main) refers to pcf8574.o(i.PCF8574_Init) for PCF8574_Init
    main.o(i.main) refers to pcf8574.o(i.PCF8574_WriteBit) for PCF8574_WriteBit
    main.o(i.main) refers to usb_host.o(i.MX_USB_HOST_Process) for MX_USB_HOST_Process
    main.o(i.main) refers to fatfs.o(i.UsbTest) for UsbTest
    main.o(i.main) refers to gpio.o(i.LED_DS0_Toggle) for LED_DS0_Toggle
    main.o(i.main) refers to gpio.o(i.LED_DS1_Toggle) for LED_DS1_Toggle
    main.o(i.main) refers to sdmmc.o(.bss) for hsd1
    gpio.o(i.LED_DS0_Toggle) refers to stm32f7xx_hal_gpio.o(i.HAL_GPIO_TogglePin) for HAL_GPIO_TogglePin
[...]
    CAN2_RX1_IRQHandler                      0x08000227   Thumb Code     0  startup_stm32f767xx.o(.text)
    CAN2_SCE_IRQHandler                      0x08000227   Thumb Code     0  startup_stm32f767xx.o(.text)
    CAN2_TX_IRQHandler                       0x08000227   Thumb Code     0  startup_stm32f767xx.o(.text)
    CAN3_RX0_IRQHandler                      0x08000227   Thumb Code     0  startup_stm32f767xx.o(.text)
    CAN3_RX1_IRQHandler                      0x08000227   Thumb Code     0  startup_stm32f767xx.o(.text)
    CAN3_SCE_IRQHandler                      0x08000227   Thumb Code     0  startup_stm32f767xx.o(.text)
    CAN3_TX_IRQHandler                       0x08000227   Thumb Code     0  startup_stm32f767xx.o(.text)
    CEC_IRQHandler                           0x08000227   Thumb Code     0  startup_stm32f767xx.o(.text)
    DCMI_IRQHandler                          0x08000227   Thumb Code     0  startup_stm32f767xx.o(.text)
    DFSDM1_FLT0_IRQHandler                   0x08000227   Thumb Code     0  startup_stm32f767xx.o(.text)
    DFSDM1_FLT1_IRQHandler                   0x08000227   Thumb Code     0  startup_stm32f767xx.o(.text)
    DFSDM1_FLT2_IRQHandler                   0x08000227   Thumb Code     0  startup_stm32f767xx.o(.text)
    DFSDM1_FLT3_IRQHandler                   0x08000227   Thumb Code     0  startup_stm32f767xx.o(.text)
    DMA1_Stream0_IRQHandler                  0x08000227   Thumb Code     0  startup_stm32f767xx.o(.text)
    DMA1_Stream1_IRQHandler                  0x08000227   Thumb Code     0  startup_stm32f767xx.o(.text)
    DMA1_Stream2_IRQHandler                  0x08000227   Thumb Code     0  startup_stm32f767xx.o(.text)
    DMA1_Stream3_IRQHandler                  0x08000227   Thumb Code     0  startup_stm32f767xx.o(.text)
    DMA1_Stream4_IRQHandler                  0x08000227   Thumb Code     0  startup_stm32f767xx.o(.text)
    DMA1_Stream5_IRQHandler                  0x08000227   Thumb Code     0  startup_stm32f767xx.o(.text)
    DMA1_Stream6_IRQHandler                  0x08000227   Thumb Code     0  startup_stm32f767xx.o(.text)
    DMA1_Stream7_IRQHandler                  0x08000227   Thumb Code     0  startup_stm32f767xx.o(.text)
    DMA2D_IRQHandler                         0x08000227   Thumb Code     0  startup_stm32f767xx.o(.text)
    DMA2_Stream0_IRQHandler                  0x08000227   Thumb Code     0  startup_stm32f767xx.o(.text)
    DMA2_Stream1_IRQHandler                  0x08000227   Thumb Code     0  startup_stm32f767xx.o(.text)
    DMA2_Stream2_IRQHandler                  0x08000227   Thumb Code     0  startup_stm32f767xx.o(.text)
    DMA2_Stream4_IRQHandler                  0x08000227   Thumb Code     0  startup_stm32f767xx.o(.text)
    DMA2_Stream5_IRQHandler                  0x08000227   Thumb Code     0  startup_stm32f767xx.o(.text)
    DMA2_Stream7_IRQHandler                  0x08000227   Thumb Code     0  startup_stm32f767xx.o(.text)
    ETH_IRQHandler                           0x08000227   Thumb Code     0  startup_stm32f767xx.o(.text)
    ETH_WKUP_IRQHandler                      0x08000227   Thumb Code     0  startup_stm32f767xx.o(.text)
    EXTI0_IRQHandler                         0x08000227   Thumb Code     0  startup_stm32f767xx.o(.text)
    EXTI15_10_IRQHandler                     0x08000227   Thumb Code     0  startup_stm32f767xx.o(.text)
    EXTI1_IRQHandler                         0x08000227   Thumb Code     0  startup_stm32f767xx.o(.text)
    EXTI2_IRQHandler                         0x08000227   Thumb Code     0  startup_stm32f767xx.o(.text)
    EXTI3_IRQHandler                         0x08000227   Thumb Code     0  startup_stm32f767xx.o(.text)
    EXTI4_IRQHandler                         0x08000227   Thumb Code     0  startup_stm32f767xx.o(.text)
    EXTI9_5_IRQHandler                       0x08000227   Thumb Code     0  startup_stm32f767xx.o(.text)
    FLASH_IRQHandler                         0x08000227   Thumb Code     0  startup_stm32f767xx.o(.text)
    FMC_IRQHandler                           0x08000227   Thumb Code     0  startup_stm32f767xx.o(.text)
    FPU_IRQHandler                           0x08000227   Thumb Code     0  startup_stm32f767xx.o(.text)
    I2C1_ER_IRQHandler                       0x08000227   Thumb Code     0  startup_stm32f767xx.o(.text)
    I2C1_EV_IRQHandler                       0x08000227   Thumb Code     0  startup_stm32f767xx.o(.text)
    I2C2_ER_IRQHandler                       0x08000227   Thumb Code     0  startup_stm32f767xx.o(.text)
    I2C2_EV_IRQHandler                       0x08000227   Thumb Code     0  startup_stm32f767xx.o(.text)
    I2C3_ER_IRQHandler                       0x08000227   Thumb Code     0  startup_stm32f767xx.o(.text)
    I2C3_EV_IRQHandler                       0x08000227   Thumb Code     0  startup_stm32f767xx.o(.text)
    I2C4_ER_IRQHandler                       0x08000227   Thumb Code     0  startup_stm32f767xx.o(.text)
    I2C4_EV_IRQHandler                       0x08000227   Thumb Code     0  startup_stm32f767xx.o(.text)
    JPEG_IRQHandler                          0x08000227   Thumb Code     0  startup_stm32f767xx.o(.text)
    LPTIM1_IRQHandler                        0x08000227   Thumb Code     0  startup_stm32f767xx.o(.text)
    LTDC_ER_IRQHandler                       0x08000227   Thumb Code     0  startup_stm32f767xx.o(.text)
    LTDC_IRQHandler                          0x08000227   Thumb Code     0  startup_stm32f767xx.o(.text)
    MDIOS_IRQHandler                         0x08000227   Thumb Code     0  startup_stm32f767xx.o(.text)
    OTG_FS_WKUP_IRQHandler                   0x08000227   Thumb Code     0  startup_stm32f767xx.o(.text)
    OTG_HS_EP1_IN_IRQHandler                 0x08000227   Thumb Code     0  startup_stm32f767xx.o(.text)
    OTG_HS_EP1_OUT_IRQHandler                0x08000227   Thumb Code     0  startup_stm32f767xx.o(.text)
    OTG_HS_IRQHandler                        0x08000227   Thumb Code     0  startup_stm32f767xx.o(.text)
    OTG_HS_WKUP_IRQHandler                   0x08000227   Thumb Code     0  startup_stm32f767xx.o(.text)
    PVD_IRQHandler                           0x08000227   Thumb Code     0  startup_stm32f767xx.o(.text)
    QUADSPI_IRQHandler                       0x08000227   Thumb Code     0  startup_stm32f767xx.o(.text)
    RCC_IRQHandler                           0x08000227   Thumb Code     0  startup_stm32f767xx.o(.text)
    RNG_IRQHandler                           0x08000227   Thumb Code     0  startup_stm32f767xx.o(.text)
    RTC_Alarm_IRQHandler                     0x08000227   Thumb Code     0  startup_stm32f767xx.o(.text)
    RTC_WKUP_IRQHandler                      0x08000227   Thumb Code     0  startup_stm32f767xx.o(.text)
    SAI1_IRQHandler                          0x08000227   Thumb Code     0  startup_stm32f767xx.o(.text)
    SAI2_IRQHandler                          0x08000227   Thumb Code     0  startup_stm32f767xx.o(.text)
    SDMMC2_IRQHandler                        0x08000227   Thumb Code     0  startup_stm32f767xx.o(.text)
    SPDIF_RX_IRQHandler                      0x08000227   Thumb Code     0  startup_stm32f767xx.o(.text)
    SPI1_IRQHandler                          0x08000227   Thumb Code     0  startup_stm32f767xx.o(.text)
    SPI2_IRQHandler                          0x08000227   Thumb Code     0  startup_stm32f767xx.o(.text)
    SPI3_IRQHandler                          0x08000227   Thumb Code     0  startup_stm32f767xx.o(.text)
    SPI4_IRQHandler                          0x08000227   Thumb Code     0  startup_stm32f767xx.o(.text)
    SPI5_IRQHandler                          0x08000227   Thumb Code     0  startup_stm32f767xx.o(.text)
    SPI6_IRQHandler                          0x08000227   Thumb Code     0  startup_stm32f767xx.o(.text)
    TAMP_STAMP_IRQHandler                    0x08000227   Thumb Code     0  startup_stm32f767xx.o(.text)
    TIM1_BRK_TIM9_IRQHandler                 0x08000227   Thumb Code     0  startup_stm32f767xx.o(.text)
    TIM1_CC_IRQHandler                       0x08000227   Thumb Code     0  startup_stm32f767xx.o(.text)
    TIM1_TRG_COM_TIM11_IRQHandler            0x08000227   Thumb Code     0  startup_stm32f767xx.o(.text)
    TIM1_UP_TIM10_IRQHandler                 0x08000227   Thumb Code     0  startup_stm32f767xx.o(.text)
    TIM2_IRQHandler                          0x08000227   Thumb Code     0  startup_stm32f767xx.o(.text)
    TIM3_IRQHandler                          0x08000227   Thumb Code     0  startup_stm32f767xx.o(.text)
    TIM4_IRQHandler                          0x08000227   Thumb Code     0  startup_stm32f767xx.o(.text)
    TIM5_IRQHandler                          0x08000227   Thumb Code     0  startup_stm32f767xx.o(.text)
    TIM6_DAC_IRQHandler                      0x08000227   Thumb Code     0  startup_stm32f767xx.o(.text)
    TIM7_IRQHandler                          0x08000227   Thumb Code     0  startup_stm32f767xx.o(.text)
    TIM8_BRK_TIM12_IRQHandler                0x08000227   Thumb Code     0  startup_stm32f767xx.o(.text)
    TIM8_CC_IRQHandler                       0x08000227   Thumb Code     0  startup_stm32f767xx.o(.text)
    TIM8_TRG_COM_TIM14_IRQHandler            0x08000227   Thumb Code     0  startup_stm32f767xx.o(.text)
    TIM8_UP_TIM13_IRQHandler                 0x08000227   Thumb Code     0  startup_stm32f767xx.o(.text)
    UART4_IRQHandler                         0x08000227   Thumb Code     0  startup_stm32f767xx.o(.text)
    UART5_IRQHandler                         0x08000227   Thumb Code     0  startup_stm32f767xx.o(.text)
    UART7_IRQHandler                         0x08000227   Thumb Code     0  startup_stm32f767xx.o(.text)
    UART8_IRQHandler                         0x08000227   Thumb Code     0  startup_stm32f767xx.o(.text)
    USART2_IRQHandler                        0x08000227   Thumb Code     0  startup_stm32f767xx.o(.text)
    USART3_IRQHandler                        0x08000227   Thumb Code     0  startup_stm32f767xx.o(.text)
    USART6_IRQHandler                        0x08000227   Thumb Code     0  startup_stm32f767xx.o(.text)
    WWDG_IRQHandler                          0x08000227   Thumb Code     0  startup_stm32f767xx.o(.text)
    __aeabi_uldivmod                         0x08000231   Thumb Code    98  uldiv.o(.text)
    __aeabi_memcpy                           0x08000293   Thumb Code    36  memcpya.o(.text)
    __aeabi_memcpy4                          0x08000293   Thumb Code     0  memcpya.o(.text)
    __aeabi_memcpy8                          0x08000293   Thumb Code     0  memcpya.o(.text)
    __aeabi_memset                           0x080002b7   Thumb Code    14  memseta.o(.text)
    __aeabi_memset4                          0x080002b7   Thumb Code     0  memseta.o(.text)
    __aeabi_memset8                          0x080002b7   Thumb Code     0  memseta.o(.text)
    __aeabi_memclr                           0x080002c5   Thumb Code     4  memseta.o(.text)
    __aeabi_memclr4                          0x080002c5   Thumb Code     0  memseta.o(.text)
    __aeabi_memclr8                          0x080002c5   Thumb Code     0  memseta.o(.text)
    _memset$wrapper                          0x080002c9   Thumb Code    18  memseta.o(.text)
    __aeabi_llsl                             0x080002db   Thumb Code    30  llshl.o(.text)
    _ll_shift_l                              0x080002db   Thumb Code     0  llshl.o(.text)
    __aeabi_llsr                             0x080002f9   Thumb Code    32  llushr.o(.text)
    _ll_ushift_r                             0x080002f9   Thumb Code     0  llushr.o(.text)
    __scatterload                            0x08000319   Thumb Code    28  init.o(.text)
    __scatterload_rt2                        0x08000319   Thumb Code     0  init.o(.text)
    BSP_PlatformIsDetected                   0x0800033d   Thumb Code    20  fatfs_platform.o(i.BSP_PlatformIsDetected)
    BSP_SD_AbortCallback                     0x08000355   Thumb Code     2  bsp_driver_sd.o(i.BSP_SD_AbortCallback)
    BSP_SD_GetCardInfo                       0x08000359   Thumb Code     8  bsp_driver_sd.o(i.BSP_SD_GetCardInfo)
    BSP_SD_GetCardState                      0x08000365   Thumb Code    20  bsp_driver_sd.o(i.BSP_SD_GetCardState)
    BSP_SD_Init                              0x0800037d   Thumb Code    42  bsp_driver_sd.o(i.BSP_SD_Init)
    BSP_SD_IsDetected                        0x080003ad   Thumb Code    26  bsp_driver_sd.o(i.BSP_SD_IsDetected)
    BSP_SD_ReadBlocks_DMA                    0x080003c9   Thumb Code    24  bsp_driver_sd.o(i.BSP_SD_ReadBlocks_DMA)
    BSP_SD_ReadCpltCallback                  0x080003e5   Thumb Code     8  sd_diskio.o(i.BSP_SD_ReadCpltCallback)
    BSP_SD_WriteBlocks_DMA                   0x080003f1   Thumb Code    24  bsp_driver_sd.o(i.BSP_SD_WriteBlocks_DMA)
    BSP_SD_WriteCpltCallback                 0x0800040d   Thumb Code     8  sd_diskio.o(i.BSP_SD_WriteCpltCallback)
    BusFault_Handler                         0x08000419   Thumb Code     2  stm32f7xx_it.o(i.BusFault_Handler)
    DMA2_Stream3_IRQHandler                  0x0800041d   Thumb Code     6  stm32f7xx_it.o(i.DMA2_Stream3_IRQHandler)
    DMA2_Stream6_IRQHandler                  0x08000429   Thumb Code     6  stm32f7xx_it.o(i.DMA2_Stream6_IRQHandler)
    DebugMon_Handler                         0x08000529   Thumb Code     2  stm32f7xx_it.o(i.DebugMon_Handler)
    Error_Handler                            0x0800052b   Thumb Code     2  main.o(i.Error_Handler)
    FATFS_GetAttachedDriversNbr              0x0800052d   Thumb Code     6  ff_gen_drv.o(i.FATFS_GetAttachedDriversNbr)
    FATFS_LinkDriver                         0x08000539   Thumb Code     6  ff_gen_drv.o(i.FATFS_LinkDriver)
    FATFS_LinkDriverEx                       0x08000541   Thumb Code    60  ff_gen_drv.o(i.FATFS_LinkDriverEx)
    HAL_DMA_Abort_IT                         0x08000581   Thumb Code    36  stm32f7xx_hal_dma.o(i.HAL_DMA_Abort_IT)
    HAL_DMA_GetError                         0x080005a5   Thumb Code     4  stm32f7xx_hal_dma.o(i.HAL_DMA_GetError)
    HAL_DMA_IRQHandler                       0x080005a9   Thumb Code   412  stm32f7xx_hal_dma.o(i.HAL_DMA_IRQHandler)
    HAL_DMA_Init                             0x08000749   Thumb Code   222  stm32f7xx_hal_dma.o(i.HAL_DMA_Init)
    HAL_DMA_Start_IT                         0x0800082d   Thumb Code   122  stm32f7xx_hal_dma.o(i.HAL_DMA_Start_IT)
    HAL_Delay                                0x080008a9   Thumb Code    32  stm32f7xx_hal.o(i.HAL_Delay)
    HAL_GPIO_Init                            0x080008cd   Thumb Code   420  stm32f7xx_hal_gpio.o(i.HAL_GPIO_Init)
    HAL_GPIO_ReadPin                         0x08000aa5   Thumb Code    10  stm32f7xx_hal_gpio.o(i.HAL_GPIO_ReadPin)
    HAL_GPIO_TogglePin                       0x08000aaf   Thumb Code    12  stm32f7xx_hal_gpio.o(i.HAL_GPIO_TogglePin)
    HAL_GPIO_WritePin                        0x08000abb   Thumb Code    10  stm32f7xx_hal_gpio.o(i.HAL_GPIO_WritePin)
    HAL_GetTick                              0x08000ac5   Thumb Code     6  stm32f7xx_hal.o(i.HAL_GetTick)
    HAL_HCD_Connect_Callback                 0x08000ad1   Thumb Code     8  usbh_conf.o(i.HAL_HCD_Connect_Callback)
    HAL_HCD_Disconnect_Callback              0x08000ad9   Thumb Code     8  usbh_conf.o(i.HAL_HCD_Disconnect_Callback)
    HAL_HCD_GetCurrentFrame                  0x08000ae1   Thumb Code     6  stm32f7xx_hal_hcd.o(i.HAL_HCD_GetCurrentFrame)
    HAL_HCD_GetCurrentSpeed                  0x08000ae7   Thumb Code     6  stm32f7xx_hal_hcd.o(i.HAL_HCD_GetCurrentSpeed)
    HAL_HCD_HC_GetURBState                   0x08000aed   Thumb Code    14  stm32f7xx_hal_hcd.o(i.HAL_HCD_HC_GetURBState)
    HAL_HCD_HC_GetXferCount                  0x08000afb   Thumb Code    12  stm32f7xx_hal_hcd.o(i.HAL_HCD_HC_GetXferCount)
    HAL_HCD_HC_Halt                          0x08000b07   Thumb Code    36  stm32f7xx_hal_hcd.o(i.HAL_HCD_HC_Halt)
    HAL_HCD_HC_Init                          0x08000b2b   Thumb Code   118  stm32f7xx_hal_hcd.o(i.HAL_HCD_HC_Init)
    HAL_HCD_HC_NotifyURBChange_Callback      0x08000ba1   Thumb Code     2  usbh_conf.o(i.HAL_HCD_HC_NotifyURBChange_Callback)
    HAL_HCD_HC_SubmitRequest                 0x08000ba5   Thumb Code   154  stm32f7xx_hal_hcd.o(i.HAL_HCD_HC_SubmitRequest)
    HAL_HCD_IRQHandler                       0x08000c41   Thumb Code   304  stm32f7xx_hal_hcd.o(i.HAL_HCD_IRQHandler)
    HAL_HCD_Init                             0x08000d71   Thumb Code   114  stm32f7xx_hal_hcd.o(i.HAL_HCD_Init)
    HAL_HCD_MspInit                          0x08000de5   Thumb Code   124  usbh_conf.o(i.HAL_HCD_MspInit)
    HAL_HCD_PortDisabled_Callback            0x08000e69   Thumb Code     8  usbh_conf.o(i.HAL_HCD_PortDisabled_Callback)
    HAL_HCD_PortEnabled_Callback             0x08000e71   Thumb Code     8  usbh_conf.o(i.HAL_HCD_PortEnabled_Callback)
    HAL_HCD_ResetPort                        0x08000e79   Thumb Code     6  stm32f7xx_hal_hcd.o(i.HAL_HCD_ResetPort)
    HAL_HCD_SOF_Callback                     0x08000e7f   Thumb Code     8  usbh_conf.o(i.HAL_HCD_SOF_Callback)
    HAL_HCD_Start                            0x08000e87   Thumb Code    44  stm32f7xx_hal_hcd.o(i.HAL_HCD_Start)
    HAL_HCD_Stop                             0x08000eb3   Thumb Code    36  stm32f7xx_hal_hcd.o(i.HAL_HCD_Stop)
    HAL_IncTick                              0x08000ed9   Thumb Code    12  stm32f7xx_hal.o(i.HAL_IncTick)
    HAL_Init                                 0x08000ee9   Thumb Code    22  stm32f7xx_hal.o(i.HAL_Init)
    HAL_InitTick                             0x08000f01   Thumb Code    54  stm32f7xx_hal.o(i.HAL_InitTick)
    HAL_MspInit                              0x08000f41   Thumb Code    42  stm32f7xx_hal_msp.o(i.HAL_MspInit)
    HAL_NVIC_EnableIRQ                       0x08000f71   Thumb Code    26  stm32f7xx_hal_cortex.o(i.HAL_NVIC_EnableIRQ)
    HAL_NVIC_SetPriority                     0x08000f8d   Thumb Code    60  stm32f7xx_hal_cortex.o(i.HAL_NVIC_SetPriority)
    HAL_NVIC_SetPriorityGrouping             0x08000fcd   Thumb Code    28  stm32f7xx_hal_cortex.o(i.HAL_NVIC_SetPriorityGrouping)
    HAL_PWREx_EnableOverDrive                0x08000ff1   Thumb Code   100  stm32f7xx_hal_pwr_ex.o(i.HAL_PWREx_EnableOverDrive)
    HAL_RCCEx_PeriphCLKConfig                0x0800105d   Thumb Code  1336  stm32f7xx_hal_rcc_ex.o(i.HAL_RCCEx_PeriphCLKConfig)
    HAL_RCC_ClockConfig                      0x08001599   Thumb Code   284  stm32f7xx_hal_rcc.o(i.HAL_RCC_ClockConfig)
    HAL_RCC_GetPCLK1Freq                     0x080016c9   Thumb Code    20  stm32f7xx_hal_rcc.o(i.HAL_RCC_GetPCLK1Freq)
    HAL_RCC_GetPCLK2Freq                     0x080016e9   Thumb Code    20  stm32f7xx_hal_rcc.o(i.HAL_RCC_GetPCLK2Freq)
    HAL_RCC_GetSysClockFreq                  0x08001709   Thumb Code    88  stm32f7xx_hal_rcc.o(i.HAL_RCC_GetSysClockFreq)
    HAL_RCC_OscConfig                        0x0800176d   Thumb Code   906  stm32f7xx_hal_rcc.o(i.HAL_RCC_OscConfig)
    HAL_SD_AbortCallback                     0x08001b05   Thumb Code     8  bsp_driver_sd.o(i.HAL_SD_AbortCallback)
    HAL_SD_ConfigWideBusOperation            0x08001b0d   Thumb Code   240  stm32f7xx_hal_sd.o(i.HAL_SD_ConfigWideBusOperation)
    HAL_SD_ErrorCallback                     0x08001c01   Thumb Code     2  stm32f7xx_hal_sd.o(i.HAL_SD_ErrorCallback)
    HAL_SD_GetCardCSD                        0x08001c05   Thumb Code   440  stm32f7xx_hal_sd.o(i.HAL_SD_GetCardCSD)
    HAL_SD_GetCardInfo                       0x08001dc1   Thumb Code    36  stm32f7xx_hal_sd.o(i.HAL_SD_GetCardInfo)
    HAL_SD_GetCardState                      0x08001de5   Thumb Code    44  stm32f7xx_hal_sd.o(i.HAL_SD_GetCardState)
    HAL_SD_IRQHandler                        0x08001e11   Thumb Code   486  stm32f7xx_hal_sd.o(i.HAL_SD_IRQHandler)
    HAL_SD_Init                              0x08002001   Thumb Code    54  stm32f7xx_hal_sd.o(i.HAL_SD_Init)
    HAL_SD_InitCard                          0x08002037   Thumb Code    90  stm32f7xx_hal_sd.o(i.HAL_SD_InitCard)
    HAL_SD_MspInit                           0x08002091   Thumb Code   342  sdmmc.o(i.HAL_SD_MspInit)
    HAL_SD_ReadBlocks_DMA                    0x08002201   Thumb Code   292  stm32f7xx_hal_sd.o(i.HAL_SD_ReadBlocks_DMA)
    HAL_SD_RxCpltCallback                    0x08002331   Thumb Code     8  bsp_driver_sd.o(i.HAL_SD_RxCpltCallback)
    HAL_SD_TxCpltCallback                    0x08002339   Thumb Code     8  bsp_driver_sd.o(i.HAL_SD_TxCpltCallback)
    HAL_SD_WriteBlocks_DMA                   0x08002341   Thumb Code   290  stm32f7xx_hal_sd.o(i.HAL_SD_WriteBlocks_DMA)
    HAL_SYSTICK_CLKSourceConfig              0x08002471   Thumb Code    24  stm32f7xx_hal_cortex.o(i.HAL_SYSTICK_CLKSourceConfig)
    HAL_SYSTICK_Config                       0x08002489   Thumb Code    38  stm32f7xx_hal_cortex.o(i.HAL_SYSTICK_Config)
    HAL_UARTEx_WakeupCallback                0x080024af   Thumb Code     2  stm32f7xx_hal_uart.o(i.HAL_UARTEx_WakeupCallback)
    HAL_UART_ErrorCallback                   0x080024b1   Thumb Code     2  stm32f7xx_hal_uart.o(i.HAL_UART_ErrorCallback)
    HAL_UART_IRQHandler                      0x080024b5   Thumb Code   344  stm32f7xx_hal_uart.o(i.HAL_UART_IRQHandler)
    HAL_UART_Init                            0x08002611   Thumb Code   102  stm32f7xx_hal_uart.o(i.HAL_UART_Init)
    HAL_UART_MspInit                         0x08002679   Thumb Code   104  usart.o(i.HAL_UART_MspInit)
    HAL_UART_TxCpltCallback                  0x080026ed   Thumb Code     2  stm32f7xx_hal_uart.o(i.HAL_UART_TxCpltCallback)
    HardFault_Handler                        0x08002cb1   Thumb Code     2  stm32f7xx_it.o(i.HardFault_Handler)
    IIC_Ack                                  0x08002cb5   Thumb Code    76  myiic.o(i.IIC_Ack)
    IIC_Init                                 0x08002d05   Thumb Code    70  myiic.o(i.IIC_Init)
    IIC_NAck                                 0x08002d55   Thumb Code    76  myiic.o(i.IIC_NAck)
    IIC_Read_Byte                            0x08002da5   Thumb Code   100  myiic.o(i.IIC_Read_Byte)
    IIC_Send_Byte                            0x08002e0d   Thumb Code   104  myiic.o(i.IIC_Send_Byte)
    IIC_Start                                0x08002e79   Thumb Code    76  myiic.o(i.IIC_Start)
    IIC_Stop                                 0x08002ec9   Thumb Code    76  myiic.o(i.IIC_Stop)
    IIC_Wait_Ack                             0x08002f19   Thumb Code    94  myiic.o(i.IIC_Wait_Ack)
    LED_DS0_Toggle                           0x08002f7d   Thumb Code     8  gpio.o(i.LED_DS0_Toggle)
    LED_DS1_Toggle                           0x08002f89   Thumb Code     8  gpio.o(i.LED_DS1_Toggle)
    MX_DMA_Init                              0x08003289   Thumb Code    56  dma.o(i.MX_DMA_Init)
    MX_DriverVbusFS                          0x080032c5   Thumb Code    16  usbh_platform.o(i.MX_DriverVbusFS)
    MX_FATFS_Init                            0x080032d9   Thumb Code    28  fatfs.o(i.MX_FATFS_Init)
    MX_GPIO_Init                             0x08003301   Thumb Code   192  gpio.o(i.MX_GPIO_Init)
    MX_SDMMC1_SD_Init                        0x080033cd   Thumb Code    24  sdmmc.o(i.MX_SDMMC1_SD_Init)
    MX_USART1_UART_Init                      0x080033ed   Thumb Code    52  usart.o(i.MX_USART1_UART_Init)
    MX_USB_HOST_Init                         0x08003429   Thumb Code    52  usb_host.o(i.MX_USB_HOST_Init)
    MX_USB_HOST_Process                      0x08003469   Thumb Code     6  usb_host.o(i.MX_USB_HOST_Process)
    MemManage_Handler                        0x08003475   Thumb Code     2  stm32f7xx_it.o(i.MemManage_Handler)
    NMI_Handler                              0x08003477   Thumb Code     2  stm32f7xx_it.o(i.NMI_Handler)
    OTG_FS_IRQHandler                        0x08003479   Thumb Code     6  stm32f7xx_it.o(i.OTG_FS_IRQHandler)
    PCF8574_Init                             0x08003485   Thumb Code    80  pcf8574.o(i.PCF8574_Init)
    PCF8574_ReadOneByte                      0x080034dd   Thumb Code    32  pcf8574.o(i.PCF8574_ReadOneByte)
    PCF8574_WriteBit                         0x080034fd   Thumb Code    34  pcf8574.o(i.PCF8574_WriteBit)
    PCF8574_WriteOneByte                     0x0800351f   Thumb Code    42  pcf8574.o(i.PCF8574_WriteOneByte)
    PendSV_Handler                           0x08003549   Thumb Code     2  stm32f7xx_it.o(i.PendSV_Handler)
    SDFatfs_test                             0x0800354d   Thumb Code   344  main.o(i.SDFatfs_test)
    SDMMC1_IRQHandler                        0x080038a5   Thumb Code     6  stm32f7xx_it.o(i.SDMMC1_IRQHandler)
    SDMMC_CmdAppCommand                      0x080038b1   Thumb Code    50  stm32f7xx_ll_sdmmc.o(i.SDMMC_CmdAppCommand)
    SDMMC_CmdAppOperCommand                  0x080038e5   Thumb Code    48  stm32f7xx_ll_sdmmc.o(i.SDMMC_CmdAppOperCommand)
    SDMMC_CmdBlockLength                     0x08003919   Thumb Code    50  stm32f7xx_ll_sdmmc.o(i.SDMMC_CmdBlockLength)
    SDMMC_CmdBusWidth                        0x0800394b   Thumb Code    50  stm32f7xx_ll_sdmmc.o(i.SDMMC_CmdBusWidth)
    SDMMC_CmdGoIdleState                     0x0800397d   Thumb Code    74  stm32f7xx_ll_sdmmc.o(i.SDMMC_CmdGoIdleState)
    SDMMC_CmdOperCond                        0x080039cd   Thumb Code   108  stm32f7xx_ll_sdmmc.o(i.SDMMC_CmdOperCond)
    SDMMC_CmdReadMultiBlock                  0x08003a3d   Thumb Code    50  stm32f7xx_ll_sdmmc.o(i.SDMMC_CmdReadMultiBlock)
    SDMMC_CmdReadSingleBlock                 0x08003a6f   Thumb Code    50  stm32f7xx_ll_sdmmc.o(i.SDMMC_CmdReadSingleBlock)
    SDMMC_CmdSelDesel                        0x08003aa1   Thumb Code    48  stm32f7xx_ll_sdmmc.o(i.SDMMC_CmdSelDesel)
    SDMMC_CmdSendCID                         0x08003ad1   Thumb Code    42  stm32f7xx_ll_sdmmc.o(i.SDMMC_CmdSendCID)
    SDMMC_CmdSendCSD                         0x08003afb   Thumb Code    46  stm32f7xx_ll_sdmmc.o(i.SDMMC_CmdSendCSD)
    SDMMC_CmdSendSCR                         0x08003b29   Thumb Code    48  stm32f7xx_ll_sdmmc.o(i.SDMMC_CmdSendSCR)
    SDMMC_CmdSendStatus                      0x08003b59   Thumb Code    50  stm32f7xx_ll_sdmmc.o(i.SDMMC_CmdSendStatus)
    SDMMC_CmdSetRelAdd                       0x08003b8b   Thumb Code    48  stm32f7xx_ll_sdmmc.o(i.SDMMC_CmdSetRelAdd)
    SDMMC_CmdStopTransfer                    0x08003bbd   Thumb Code    46  stm32f7xx_ll_sdmmc.o(i.SDMMC_CmdStopTransfer)
    SDMMC_CmdWriteMultiBlock                 0x08003bf1   Thumb Code    50  stm32f7xx_ll_sdmmc.o(i.SDMMC_CmdWriteMultiBlock)
    SDMMC_CmdWriteSingleBlock                0x08003c23   Thumb Code    50  stm32f7xx_ll_sdmmc.o(i.SDMMC_CmdWriteSingleBlock)
    SDMMC_ConfigData                         0x08003c55   Thumb Code    38  stm32f7xx_ll_sdmmc.o(i.SDMMC_ConfigData)
    SDMMC_GetPowerState                      0x08003eb9   Thumb Code     8  stm32f7xx_ll_sdmmc.o(i.SDMMC_GetPowerState)
    SDMMC_GetResponse                        0x08003ec1   Thumb Code     6  stm32f7xx_ll_sdmmc.o(i.SDMMC_GetResponse)
    SDMMC_Init                               0x08003ec7   Thumb Code    34  stm32f7xx_ll_sdmmc.o(i.SDMMC_Init)
    SDMMC_PowerState_ON                      0x08003ee9   Thumb Code    16  stm32f7xx_ll_sdmmc.o(i.SDMMC_PowerState_ON)
    SDMMC_ReadFIFO                           0x08003ef9   Thumb Code     6  stm32f7xx_ll_sdmmc.o(i.SDMMC_ReadFIFO)
    SDMMC_SendCommand                        0x08003eff   Thumb Code    34  stm32f7xx_ll_sdmmc.o(i.SDMMC_SendCommand)
    SDMMC_WriteFIFO                          0x08003f21   Thumb Code    10  stm32f7xx_ll_sdmmc.o(i.SDMMC_WriteFIFO)
    SD_initialize                            0x08004325   Thumb Code    24  sd_diskio.o(i.SD_initialize)
    SD_ioctl                                 0x08004341   Thumb Code    84  sd_diskio.o(i.SD_ioctl)
    SD_read                                  0x08004399   Thumb Code   114  sd_diskio.o(i.SD_read)
    SD_status                                0x08004411   Thumb Code     4  sd_diskio.o(i.SD_status)
    SD_write                                 0x08004415   Thumb Code   114  sd_diskio.o(i.SD_write)
    SVC_Handler                              0x0800448d   Thumb Code     2  stm32f7xx_it.o(i.SVC_Handler)
    SysTick_Handler                          0x0800448f   Thumb Code     4  stm32f7xx_it.o(i.SysTick_Handler)
    SystemClock_Config                       0x08004495   Thumb Code   150  main.o(i.SystemClock_Config)
    SystemInit                               0x08004539   Thumb Code    22  system_stm32f7xx.o(i.SystemInit)
    UART_AdvFeatureConfig                    0x08004555   Thumb Code   200  stm32f7xx_hal_uart.o(i.UART_AdvFeatureConfig)
    UART_CheckIdleState                      0x0800461d   Thumb Code    88  stm32f7xx_hal_uart.o(i.UART_CheckIdleState)
    UART_SetConfig                           0x080046a9   Thumb Code   554  stm32f7xx_hal_uart.o(i.UART_SetConfig)
    UART_WaitOnFlagUntilTimeout              0x08004905   Thumb Code   164  stm32f7xx_hal_uart.o(i.UART_WaitOnFlagUntilTimeout)
    USART1_IRQHandler                        0x080049a9   Thumb Code     6  stm32f7xx_it.o(i.USART1_IRQHandler)
    USBH_AllocPipe                           0x080049b5   Thumb Code    56  usbh_pipes.o(i.USBH_AllocPipe)
    USBH_BulkReceiveData                     0x080049ed   Thumb Code    32  usbh_ioreq.o(i.USBH_BulkReceiveData)
    USBH_BulkSendData                        0x08004a0d   Thumb Code    40  usbh_ioreq.o(i.USBH_BulkSendData)
    USBH_ClosePipe                           0x08004a35   Thumb Code    10  usbh_pipes.o(i.USBH_ClosePipe)
    USBH_ClrFeature                          0x08004a3f   Thumb Code    34  usbh_ctlreq.o(i.USBH_ClrFeature)
    USBH_CtlReceiveData                      0x08004a61   Thumb Code    30  usbh_ioreq.o(i.USBH_CtlReceiveData)
    USBH_CtlReq                              0x08004a7f   Thumb Code    58  usbh_ctlreq.o(i.USBH_CtlReq)
    USBH_CtlSendData                         0x08004ab9   Thumb Code    40  usbh_ioreq.o(i.USBH_CtlSendData)
    USBH_CtlSendSetup                        0x08004ae1   Thumb Code    30  usbh_ioreq.o(i.USBH_CtlSendSetup)
    USBH_Delay                               0x08004aff   Thumb Code     4  usbh_conf.o(i.USBH_Delay)
    USBH_FindInterface                       0x08004b03   Thumb Code    64  usbh_core.o(i.USBH_FindInterface)
    USBH_FreePipe                            0x08004b43   Thumb Code    24  usbh_pipes.o(i.USBH_FreePipe)
    USBH_GetDescriptor                       0x08004b5b   Thumb Code    52  usbh_ctlreq.o(i.USBH_GetDescriptor)
    USBH_GetNextDesc                         0x08004b8f   Thumb Code    14  usbh_ctlreq.o(i.USBH_GetNextDesc)
    USBH_Get_CfgDesc                         0x08004b9d   Thumb Code    44  usbh_ctlreq.o(i.USBH_Get_CfgDesc)
    USBH_Get_DevDesc                         0x08004bc9   Thumb Code   144  usbh_ctlreq.o(i.USBH_Get_DevDesc)
    USBH_Get_StringDesc                      0x08004c59   Thumb Code    72  usbh_ctlreq.o(i.USBH_Get_StringDesc)
    USBH_Get_USB_Status                      0x08004ca1   Thumb Code    24  usbh_conf.o(i.USBH_Get_USB_Status)
    USBH_Init                                0x08005261   Thumb Code    80  usbh_core.o(i.USBH_Init)
    USBH_LL_ClosePipe                        0x080052d1   Thumb Code    18  usbh_conf.o(i.USBH_LL_ClosePipe)
    USBH_LL_Connect                          0x080052e3   Thumb Code    20  usbh_core.o(i.USBH_LL_Connect)
    USBH_LL_Disconnect                       0x080052f7   Thumb Code    46  usbh_core.o(i.USBH_LL_Disconnect)
    USBH_LL_DriverVBUS                       0x08005325   Thumb Code    26  usbh_conf.o(i.USBH_LL_DriverVBUS)
    USBH_LL_GetLastXferSize                  0x0800533f   Thumb Code     8  usbh_conf.o(i.USBH_LL_GetLastXferSize)
    USBH_LL_GetSpeed                         0x08005347   Thumb Code    34  usbh_conf.o(i.USBH_LL_GetSpeed)
    USBH_LL_GetToggle                        0x08005369   Thumb Code    30  usbh_conf.o(i.USBH_LL_GetToggle)
    USBH_LL_GetURBState                      0x08005387   Thumb Code     8  usbh_conf.o(i.USBH_LL_GetURBState)
    USBH_LL_IncTimer                         0x0800538f   Thumb Code    30  usbh_core.o(i.USBH_LL_IncTimer)
    USBH_LL_Init                             0x080053ad   Thumb Code    74  usbh_conf.o(i.USBH_LL_Init)
    USBH_LL_OpenPipe                         0x080053fd   Thumb Code    28  usbh_conf.o(i.USBH_LL_OpenPipe)
    USBH_LL_PortDisabled                     0x08005419   Thumb Code     8  usbh_core.o(i.USBH_LL_PortDisabled)
    USBH_LL_PortEnabled                      0x08005421   Thumb Code     8  usbh_core.o(i.USBH_LL_PortEnabled)
    USBH_LL_ResetPort                        0x08005429   Thumb Code    18  usbh_conf.o(i.USBH_LL_ResetPort)
    USBH_LL_SetTimer                         0x0800543b   Thumb Code     6  usbh_core.o(i.USBH_LL_SetTimer)
    USBH_LL_SetToggle                        0x08005441   Thumb Code    32  usbh_conf.o(i.USBH_LL_SetToggle)
    USBH_LL_Start                            0x08005461   Thumb Code    18  usbh_conf.o(i.USBH_LL_Start)
    USBH_LL_Stop                             0x08005473   Thumb Code    18  usbh_conf.o(i.USBH_LL_Stop)
    USBH_LL_SubmitURB                        0x08005485   Thumb Code    34  usbh_conf.o(i.USBH_LL_SubmitURB)
    USBH_MSC_BOT_Init                        0x080054c9   Thumb Code    28  usbh_msc_bot.o(i.USBH_MSC_BOT_Init)
    USBH_MSC_BOT_Process                     0x080054ed   Thumb Code   472  usbh_msc_bot.o(i.USBH_MSC_BOT_Process)
    USBH_MSC_BOT_REQ_GetMaxLUN               0x080056c9   Thumb Code    28  usbh_msc_bot.o(i.USBH_MSC_BOT_REQ_GetMaxLUN)
    USBH_MSC_BOT_REQ_Reset                   0x080056e5   Thumb Code    22  usbh_msc_bot.o(i.USBH_MSC_BOT_REQ_Reset)
    USBH_MSC_GetLUNInfo                      0x080057a5   Thumb Code    46  usbh_msc.o(i.USBH_MSC_GetLUNInfo)
    USBH_MSC_Read                            0x08005f4d   Thumb Code   138  usbh_msc.o(i.USBH_MSC_Read)
    USBH_MSC_SCSI_Inquiry                    0x08005fd7   Thumb Code   212  usbh_msc_scsi.o(i.USBH_MSC_SCSI_Inquiry)
    USBH_MSC_SCSI_Read                       0x080060ab   Thumb Code   136  usbh_msc_scsi.o(i.USBH_MSC_SCSI_Read)
    USBH_MSC_SCSI_ReadCapacity               0x08006133   Thumb Code   122  usbh_msc_scsi.o(i.USBH_MSC_SCSI_ReadCapacity)
    USBH_MSC_SCSI_RequestSense               0x080061ad   Thumb Code   150  usbh_msc_scsi.o(i.USBH_MSC_SCSI_RequestSense)
    USBH_MSC_SCSI_TestUnitReady              0x08006243   Thumb Code    78  usbh_msc_scsi.o(i.USBH_MSC_SCSI_TestUnitReady)
    USBH_MSC_SCSI_Write                      0x08006291   Thumb Code   136  usbh_msc_scsi.o(i.USBH_MSC_SCSI_Write)
    USBH_MSC_UnitIsReady                     0x0800631d   Thumb Code    38  usbh_msc.o(i.USBH_MSC_UnitIsReady)
    USBH_MSC_Write                           0x08006343   Thumb Code   138  usbh_msc.o(i.USBH_MSC_Write)
    USBH_OpenPipe                            0x080063cd   Thumb Code    20  usbh_pipes.o(i.USBH_OpenPipe)
    USBH_Process                             0x080064c1   Thumb Code   730  usbh_core.o(i.USBH_Process)
    USBH_RegisterClass                       0x08006955   Thumb Code    62  usbh_core.o(i.USBH_RegisterClass)
    USBH_SelectInterface                     0x080069d5   Thumb Code   120  usbh_core.o(i.USBH_SelectInterface)
    USBH_SetAddress                          0x08006ac9   Thumb Code    28  usbh_ctlreq.o(i.USBH_SetAddress)
    USBH_SetCfg                              0x08006ae5   Thumb Code    28  usbh_ctlreq.o(i.USBH_SetCfg)
    USBH_SetFeature                          0x08006b01   Thumb Code    28  usbh_ctlreq.o(i.USBH_SetFeature)
    USBH_Start                               0x08006b1d   Thumb Code    20  usbh_core.o(i.USBH_Start)
    USBH_initialize                          0x08006b51   Thumb Code     4  usbh_diskio.o(i.USBH_initialize)
    USBH_ioctl                               0x08006b55   Thumb Code   102  usbh_diskio.o(i.USBH_ioctl)
    USBH_read                                0x08006bc1   Thumb Code    80  usbh_diskio.o(i.USBH_read)
    USBH_status                              0x08006c39   Thumb Code    20  usbh_diskio.o(i.USBH_status)
    USBH_write                               0x08006c51   Thumb Code   106  usbh_diskio.o(i.USBH_write)
    USB_CoreInit                             0x08006d05   Thumb Code   104  stm32f7xx_ll_usb.o(i.USB_CoreInit)
    USB_DisableGlobalInt                     0x08006da9   Thumb Code    12  stm32f7xx_ll_usb.o(i.USB_DisableGlobalInt)
    USB_DoPing                               0x08006db5   Thumb Code    30  stm32f7xx_ll_usb.o(i.USB_DoPing)
    USB_DriveVbus                            0x08006dd9   Thumb Code    44  stm32f7xx_ll_usb.o(i.USB_DriveVbus)
    USB_EnableGlobalInt                      0x08006e05   Thumb Code    12  stm32f7xx_ll_usb.o(i.USB_EnableGlobalInt)
    USB_FlushRxFifo                          0x08006e11   Thumb Code    28  stm32f7xx_ll_usb.o(i.USB_FlushRxFifo)
    USB_FlushTxFifo                          0x08006e31   Thumb Code    32  stm32f7xx_ll_usb.o(i.USB_FlushTxFifo)
    USB_GetCurrentFrame                      0x08006e55   Thumb Code     8  stm32f7xx_ll_usb.o(i.USB_GetCurrentFrame)
    USB_GetHostSpeed                         0x08006e5d   Thumb Code    14  stm32f7xx_ll_usb.o(i.USB_GetHostSpeed)
    USB_GetMode                              0x08006e6b   Thumb Code     8  stm32f7xx_ll_usb.o(i.USB_GetMode)
    USB_HC_Halt                              0x08006e73   Thumb Code   194  stm32f7xx_ll_usb.o(i.USB_HC_Halt)
    USB_HC_Init                              0x08006f35   Thumb Code   252  stm32f7xx_ll_usb.o(i.USB_HC_Init)
    USB_HC_ReadInterrupt                     0x08007031   Thumb Code     8  stm32f7xx_ll_usb.o(i.USB_HC_ReadInterrupt)
    USB_HC_StartXfer                         0x08007039   Thumb Code   330  stm32f7xx_ll_usb.o(i.USB_HC_StartXfer)
    USB_HostInit                             0x08007189   Thumb Code   174  stm32f7xx_ll_usb.o(i.USB_HostInit)
    USB_InitFSLSPClkSel                      0x0800724d   Thumb Code    56  stm32f7xx_ll_usb.o(i.USB_InitFSLSPClkSel)
    USB_ReadInterrupts                       0x08007285   Thumb Code     8  stm32f7xx_ll_usb.o(i.USB_ReadInterrupts)
    USB_ReadPacket                           0x0800728d   Thumb Code    28  stm32f7xx_ll_usb.o(i.USB_ReadPacket)
    USB_ResetPort                            0x080072a9   Thumb Code    50  stm32f7xx_ll_usb.o(i.USB_ResetPort)
    USB_SetCurrentMode                       0x080072db   Thumb Code    46  stm32f7xx_ll_usb.o(i.USB_SetCurrentMode)
    USB_StopHost                             0x08007309   Thumb Code   126  stm32f7xx_ll_usb.o(i.USB_StopHost)
    USB_WritePacket                          0x08007387   Thumb Code    36  stm32f7xx_ll_usb.o(i.USB_WritePacket)
    UsageFault_Handler                       0x080073ab   Thumb Code     2  stm32f7xx_it.o(i.UsageFault_Handler)
    UsbTest                                  0x080073ad   Thumb Code    38  fatfs.o(i.UsbTest)
    __0printf$5                              0x080073dd   Thumb Code    22  printf5.o(i.__0printf$5)
    __1printf$5                              0x080073dd   Thumb Code     0  printf5.o(i.__0printf$5)
    __2printf                                0x080073dd   Thumb Code     0  printf5.o(i.__0printf$5)
    __scatterload_copy                       0x0800741f   Thumb Code    14  handlers.o(i.__scatterload_copy)
    __scatterload_null                       0x0800742d   Thumb Code     2  handlers.o(i.__scatterload_null)
    __scatterload_zeroinit                   0x0800742f   Thumb Code    14  handlers.o(i.__scatterload_zeroinit)
    delay_init                               0x08007bd1   Thumb Code    16  delay.o(i.delay_init)
    delay_ms                                 0x08007be5   Thumb Code    26  delay.o(i.delay_ms)
    delay_us                                 0x08007c01   Thumb Code    48  delay.o(i.delay_us)
    disk_initialize                          0x08008065   Thumb Code    34  diskio.o(i.disk_initialize)
    disk_ioctl                               0x0800808d   Thumb Code    20  diskio.o(i.disk_ioctl)
    disk_read                                0x080080a5   Thumb Code    22  diskio.o(i.disk_read)
    disk_status                              0x080080c1   Thumb Code    16  diskio.o(i.disk_status)
    disk_write                               0x080080d5   Thumb Code    22  diskio.o(i.disk_write)
    exf_getfree                              0x080080f1   Thumb Code    48  main.o(i.exf_getfree)
    f_close                                  0x08008121   Thumb Code    40  ff.o(i.f_close)
    f_getfree                                0x08008149   Thumb Code   212  ff.o(i.f_getfree)
    f_mount                                  0x0800821d   Thumb Code    84  ff.o(i.f_mount)
    f_open                                   0x08008275   Thumb Code   530  ff.o(i.f_open)
    f_read                                   0x0800848d   Thumb Code   340  ff.o(i.f_read)
    f_sync                                   0x080085e1   Thumb Code   142  ff.o(i.f_sync)
    f_write                                  0x0800866f   Thumb Code   396  ff.o(i.f_write)
    ff_convert                               0x080087fd   Thumb Code    68  cc936.o(i.ff_convert)
    ff_wtoupper                              0x08008849   Thumb Code   120  cc936.o(i.ff_wtoupper)
    fputc                                    0x08008b95   Thumb Code    14  usart.o(i.fputc)
    free                                     0x08008ba9   Thumb Code    76  malloc.o(i.free)
    get_fattime                              0x08008d47   Thumb Code     4  fatfs.o(i.get_fattime)
    main                                     0x08008e51   Thumb Code   140  main.o(i.main)
    malloc                                   0x08008f5d   Thumb Code    92  malloc.o(i.malloc)
    SD_Driver                                0x080092ec   Data          20  sd_diskio.o(.constdata)
    USBH_Driver                              0x08009300   Data          20  usbh_diskio.o(.constdata)
    AHBPrescTable                            0x0800931c   Data          16  system_stm32f7xx.o(.constdata)
    APBPrescTable                            0x0800932c   Data           8  system_stm32f7xx.o(.constdata)
    Region$$Table$$Base                      0x08033f5c   Number         0  anon$$obj.o(Region$$Table)
    Region$$Table$$Limit                     0x08033f7c   Number         0  anon$$obj.o(Region$$Table)
    __stdout                                 0x20000000   Data           4  usart.o(.data)
    retSD                                    0x20000014   Data           1  fatfs.o(.data)
    retUSBH                                  0x20000015   Data           1  fatfs.o(.data)
    SDPath                                   0x20000016   Data           4  fatfs.o(.data)
    USBHPath                                 0x2000001a   Data           4  fatfs.o(.data)
    uwTickFreq                               0x20000024   Data           1  stm32f7xx_hal.o(.data)
    uwTickPrio                               0x20000028   Data           4  stm32f7xx_hal.o(.data)
    uwTick                                   0x2000002c   Data           4  stm32f7xx_hal.o(.data)
    SystemCoreClock                          0x20000030   Data           4  system_stm32f7xx.o(.data)
    Appli_state                              0x20000040   Data           1  usb_host.o(.data)
    USBH_msc                                 0x20000044   Data          32  usbh_msc.o(.data)
    __microlib_freelist                      0x20000064   Data           4  mvars.o(.data)
    __microlib_freelist_initialised          0x20000068   Data           4  mvars.o(.data)
    hsd1                                     0x2000006c   Data         132  sdmmc.o(.bss)
    hdma_sdmmc1_rx                           0x200000f0   Data          96  sdmmc.o(.bss)
    hdma_sdmmc1_tx                           0x20000150   Data          96  sdmmc.o(.bss)
    huart1                                   0x200001b0   Data         128  usart.o(.bss)
    disk                                     0x20000250   Data          16  ff_gen_drv.o(.bss)
    hUsbHostFS                               0x20000260   Data         984  usb_host.o(.bss)
    hhcd_USB_OTG_FS                          0x20000638   Data         708  usbh_conf.o(.bss)
    __heap_base                              0x20000900   Data           0  startup_stm32f767xx.o(HEAP)
    __heap_limit                             0x20000b00   Data           0  startup_stm32f767xx.o(HEAP)
    __initial_sp                             0x20001b00   Data           0  startup_stm32f767xx.o(STACK)



==============================================================================

Memory Map of the image

  Image Entry point : 0x080001f9

  Load Region LR_IROM1 (Base: 0x08000000, Size: 0x00033fe8, Max: 0x00100000, ABSOLUTE)

    Execution Region ER_IROM1 (Exec base: 0x08000000, Load base: 0x08000000, Size: 0x00033f7c, Max: 0x00100000, ABSOLUTE)

    Exec Addr    Load Addr    Size         Type   Attr      Idx    E Section Name        Object

    0x08000000   0x08000000   0x000001f8   Data   RO            3    RESET               startup_stm32f767xx.o
    0x080001f8   0x080001f8   0x00000000   Code   RO          918  * .ARM.Collect$$$$00000000  mc_w.l(entry.o)
    0x080001f8   0x080001f8   0x00000004   Code   RO         1070    .ARM.Collect$$$$00000001  mc_w.l(entry2.o)
    0x080001fc   0x080001fc   0x00000004   Code   RO         1073    .ARM.Collect$$$$00000004  mc_w.l(entry5.o)
    0x08000200   0x08000200   0x00000000   Code   RO         1075    .ARM.Collect$$$$00000008  mc_w.l(entry7b.o)
    0x08000200   0x08000200   0x00000000   Code   RO         1077    .ARM.Collect$$$$0000000A  mc_w.l(entry8b.o)
    0x08000200   0x08000200   0x00000008   Code   RO         1078    .ARM.Collect$$$$0000000B  mc_w.l(entry9a.o)
    0x08000208   0x08000208   0x00000000   Code   RO         1080    .ARM.Collect$$$$0000000D  mc_w.l(entry10a.o)
    0x08000208   0x08000208   0x00000000   Code   RO         1082    .ARM.Collect$$$$0000000F  mc_w.l(entry11a.o)
    0x08000208   0x08000208   0x00000004   Code   RO         1071    .ARM.Collect$$$$00002712  mc_w.l(entry2.o)
    0x0800020c   0x0800020c   0x00000024   Code   RO            4    .text               startup_stm32f767xx.o
    0x08000230   0x08000230   0x00000062   Code   RO          921    .text               mc_w.l(uldiv.o)
    0x08000292   0x08000292   0x00000024   Code   RO          922    .text               mc_w.l(memcpya.o)
    0x080002b6   0x080002b6   0x00000024   Code   RO          923    .text               mc_w.l(memseta.o)
    0x080002da   0x080002da   0x0000001e   Code   RO         1085    .text               mc_w.l(llshl.o)
    0x080002f8   0x080002f8   0x00000020   Code   RO         1086    .text               mc_w.l(llushr.o)
    0x08000318   0x08000318   0x00000024   Code   RO         1095    .text               mc_w.l(init.o)
    0x0800033c   0x0800033c   0x00000018   Code   RO          123    i.BSP_PlatformIsDetected  fatfs_platform.o
    0x08000354   0x08000354   0x00000002   Code   RO           90    i.BSP_SD_AbortCallback  bsp_driver_sd.o
    0x08000356   0x08000356   0x00000002   PAD
    0x08000358   0x08000358   0x0000000c   Code   RO           92    i.BSP_SD_GetCardInfo  bsp_driver_sd.o
    0x08000364   0x08000364   0x00000018   Code   RO           93    i.BSP_SD_GetCardState  bsp_driver_sd.o
    0x0800037c   0x0800037c   0x00000030   Code   RO           95    i.BSP_SD_Init       bsp_driver_sd.o
    0x080003ac   0x080003ac   0x0000001a   Code   RO           96    i.BSP_SD_IsDetected  bsp_driver_sd.o
    0x080003c6   0x080003c6   0x00000002   PAD
    0x080003c8   0x080003c8   0x0000001c   Code   RO           98    i.BSP_SD_ReadBlocks_DMA  bsp_driver_sd.o
    0x080003e4   0x080003e4   0x0000000c   Code   RO          109    i.BSP_SD_ReadCpltCallback  sd_diskio.o
    0x080003f0   0x080003f0   0x0000001c   Code   RO          101    i.BSP_SD_WriteBlocks_DMA  bsp_driver_sd.o
    0x0800040c   0x0800040c   0x0000000c   Code   RO          110    i.BSP_SD_WriteCpltCallback  sd_diskio.o
    0x08000418   0x08000418   0x00000002   Code   RO           43    i.BusFault_Handler  stm32f7xx_it.o
    0x0800041a   0x0800041a   0x00000002   PAD
    0x0800041c   0x0800041c   0x0000000c   Code   RO           44    i.DMA2_Stream3_IRQHandler  stm32f7xx_it.o
    0x08000428   0x08000428   0x0000000c   Code   RO           45    i.DMA2_Stream6_IRQHandler  stm32f7xx_it.o
    0x08000434   0x08000434   0x00000028   Code   RO          300    i.DMA_CalcBaseAndBitshift  stm32f7xx_hal_dma.o
    0x0800045c   0x0800045c   0x00000054   Code   RO          301    i.DMA_CheckFifoParam  stm32f7xx_hal_dma.o
    0x080004b0   0x080004b0   0x00000028   Code   RO          302    i.DMA_SetConfig     stm32f7xx_hal_dma.o
    0x080004d8   0x080004d8   0x00000050   Code   RO          828    i.DeInitStateMachine  usbh_core.o
    0x08000528   0x08000528   0x00000002   Code   RO           46    i.DebugMon_Handler  stm32f7xx_it.o
    0x0800052a   0x0800052a   0x00000002   Code   RO            8    i.Error_Handler     main.o
    0x0800052c   0x0800052c   0x0000000c   Code   RO          770    i.FATFS_GetAttachedDriversNbr  ff_gen_drv.o
    0x08000538   0x08000538   0x00000006   Code   RO          771    i.FATFS_LinkDriver  ff_gen_drv.o
    0x0800053e   0x0800053e   0x00000002   PAD
    0x08000540   0x08000540   0x00000040   Code   RO          772    i.FATFS_LinkDriverEx  ff_gen_drv.o
    0x08000580   0x08000580   0x00000024   Code   RO          304    i.HAL_DMA_Abort_IT  stm32f7xx_hal_dma.o
    0x080005a4   0x080005a4   0x00000004   Code   RO          306    i.HAL_DMA_GetError  stm32f7xx_hal_dma.o
    0x080005a8   0x080005a8   0x000001a0   Code   RO          308    i.HAL_DMA_IRQHandler  stm32f7xx_hal_dma.o
    0x08000748   0x08000748   0x000000e4   Code   RO          309    i.HAL_DMA_Init      stm32f7xx_hal_dma.o
    0x0800082c   0x0800082c   0x0000007a   Code   RO          313    i.HAL_DMA_Start_IT  stm32f7xx_hal_dma.o
    0x080008a6   0x080008a6   0x00000002   PAD
    0x080008a8   0x080008a8   0x00000024   Code   RO          391    i.HAL_Delay         stm32f7xx_hal.o
    0x080008cc   0x080008cc   0x000001d8   Code   RO          292    i.HAL_GPIO_Init     stm32f7xx_hal_gpio.o
    0x08000aa4   0x08000aa4   0x0000000a   Code   RO          294    i.HAL_GPIO_ReadPin  stm32f7xx_hal_gpio.o
    0x08000aae   0x08000aae   0x0000000c   Code   RO          295    i.HAL_GPIO_TogglePin  stm32f7xx_hal_gpio.o
    0x08000aba   0x08000aba   0x0000000a   Code   RO          296    i.HAL_GPIO_WritePin  stm32f7xx_hal_gpio.o
    0x08000ac4   0x08000ac4   0x0000000c   Code   RO          401    i.HAL_GetTick       stm32f7xx_hal.o
    0x08000ad0   0x08000ad0   0x00000008   Code   RO          796    i.HAL_HCD_Connect_Callback  usbh_conf.o
    0x08000ad8   0x08000ad8   0x00000008   Code   RO          797    i.HAL_HCD_Disconnect_Callback  usbh_conf.o
    0x08000ae0   0x08000ae0   0x00000006   Code   RO          151    i.HAL_HCD_GetCurrentFrame  stm32f7xx_hal_hcd.o
    0x08000ae6   0x08000ae6   0x00000006   Code   RO          152    i.HAL_HCD_GetCurrentSpeed  stm32f7xx_hal_hcd.o
    0x08000aec   0x08000aec   0x0000000e   Code   RO          155    i.HAL_HCD_HC_GetURBState  stm32f7xx_hal_hcd.o
    0x08000afa   0x08000afa   0x0000000c   Code   RO          156    i.HAL_HCD_HC_GetXferCount  stm32f7xx_hal_hcd.o
    0x08000b06   0x08000b06   0x00000024   Code   RO          157    i.HAL_HCD_HC_Halt   stm32f7xx_hal_hcd.o
    0x08000b2a   0x08000b2a   0x00000076   Code   RO          158    i.HAL_HCD_HC_Init   stm32f7xx_hal_hcd.o
    0x08000ba0   0x08000ba0   0x00000002   Code   RO          798    i.HAL_HCD_HC_NotifyURBChange_Callback  usbh_conf.o
    0x08000ba2   0x08000ba2   0x00000002   PAD
    0x08000ba4   0x08000ba4   0x0000009a   Code   RO          160    i.HAL_HCD_HC_SubmitRequest  stm32f7xx_hal_hcd.o
    0x08000c3e   0x08000c3e   0x00000002   PAD
    0x08000c40   0x08000c40   0x00000130   Code   RO          161    i.HAL_HCD_IRQHandler  stm32f7xx_hal_hcd.o
    0x08000d70   0x08000d70   0x00000072   Code   RO          162    i.HAL_HCD_Init      stm32f7xx_hal_hcd.o
    0x08000de2   0x08000de2   0x00000002   PAD
    0x08000de4   0x08000de4   0x00000084   Code   RO          800    i.HAL_HCD_MspInit   usbh_conf.o
    0x08000e68   0x08000e68   0x00000008   Code   RO          801    i.HAL_HCD_PortDisabled_Callback  usbh_conf.o
    0x08000e70   0x08000e70   0x00000008   Code   RO          802    i.HAL_HCD_PortEnabled_Callback  usbh_conf.o
    0x08000e78   0x08000e78   0x00000006   Code   RO          167    i.HAL_HCD_ResetPort  stm32f7xx_hal_hcd.o
    0x08000e7e   0x08000e7e   0x00000008   Code   RO          803    i.HAL_HCD_SOF_Callback  usbh_conf.o
    0x08000e86   0x08000e86   0x0000002c   Code   RO          169    i.HAL_HCD_Start     stm32f7xx_hal_hcd.o
    0x08000eb2   0x08000eb2   0x00000024   Code   RO          170    i.HAL_HCD_Stop      stm32f7xx_hal_hcd.o
    0x08000ed6   0x08000ed6   0x00000002   PAD
    0x08000ed8   0x08000ed8   0x00000010   Code   RO          407    i.HAL_IncTick       stm32f7xx_hal.o
    0x08000ee8   0x08000ee8   0x00000016   Code   RO          408    i.HAL_Init          stm32f7xx_hal.o
    0x08000efe   0x08000efe   0x00000002   PAD
    0x08000f00   0x08000f00   0x00000040   Code   RO          409    i.HAL_InitTick      stm32f7xx_hal.o
    0x08000f40   0x08000f40   0x00000030   Code   RO           60    i.HAL_MspInit       stm32f7xx_hal_msp.o
    0x08000f70   0x08000f70   0x0000001a   Code   RO          367    i.HAL_NVIC_EnableIRQ  stm32f7xx_hal_cortex.o
    0x08000f8a   0x08000f8a   0x00000002   PAD
    0x08000f8c   0x08000f8c   0x00000040   Code   RO          373    i.HAL_NVIC_SetPriority  stm32f7xx_hal_cortex.o
    0x08000fcc   0x08000fcc   0x00000024   Code   RO          374    i.HAL_NVIC_SetPriorityGrouping  stm32f7xx_hal_cortex.o
    0x08000ff0   0x08000ff0   0x0000006c   Code   RO          356    i.HAL_PWREx_EnableOverDrive  stm32f7xx_hal_pwr_ex.o
    0x0800105c   0x0800105c   0x0000053c   Code   RO          253    i.HAL_RCCEx_PeriphCLKConfig  stm32f7xx_hal_rcc_ex.o
    0x08001598   0x08001598   0x00000130   Code   RO          231    i.HAL_RCC_ClockConfig  stm32f7xx_hal_rcc.o
    0x080016c8   0x080016c8   0x00000020   Code   RO          238    i.HAL_RCC_GetPCLK1Freq  stm32f7xx_hal_rcc.o
    0x080016e8   0x080016e8   0x00000020   Code   RO          239    i.HAL_RCC_GetPCLK2Freq  stm32f7xx_hal_rcc.o
    0x08001708   0x08001708   0x00000064   Code   RO          240    i.HAL_RCC_GetSysClockFreq  stm32f7xx_hal_rcc.o
    0x0800176c   0x0800176c   0x00000398   Code   RO          243    i.HAL_RCC_OscConfig  stm32f7xx_hal_rcc.o
    0x08001b04   0x08001b04   0x00000008   Code   RO          103    i.HAL_SD_AbortCallback  bsp_driver_sd.o
    0x08001b0c   0x08001b0c   0x000000f4   Code   RO          567    i.HAL_SD_ConfigWideBusOperation  stm32f7xx_hal_sd.o
    0x08001c00   0x08001c00   0x00000002   Code   RO          570    i.HAL_SD_ErrorCallback  stm32f7xx_hal_sd.o
    0x08001c02   0x08001c02   0x00000002   PAD
    0x08001c04   0x08001c04   0x000001bc   Code   RO          572    i.HAL_SD_GetCardCSD  stm32f7xx_hal_sd.o
    0x08001dc0   0x08001dc0   0x00000024   Code   RO          573    i.HAL_SD_GetCardInfo  stm32f7xx_hal_sd.o
    0x08001de4   0x08001de4   0x0000002c   Code   RO          574    i.HAL_SD_GetCardState  stm32f7xx_hal_sd.o
    0x08001e10   0x08001e10   0x000001f0   Code   RO          578    i.HAL_SD_IRQHandler  stm32f7xx_hal_sd.o
    0x08002000   0x08002000   0x00000036   Code   RO          579    i.HAL_SD_Init       stm32f7xx_hal_sd.o
    0x08002036   0x08002036   0x0000005a   Code   RO          580    i.HAL_SD_InitCard   stm32f7xx_hal_sd.o
    0x08002090   0x08002090   0x00000170   Code   RO           27    i.HAL_SD_MspInit    sdmmc.o
    0x08002200   0x08002200   0x00000130   Code   RO          584    i.HAL_SD_ReadBlocks_DMA  stm32f7xx_hal_sd.o
    0x08002330   0x08002330   0x00000008   Code   RO          104    i.HAL_SD_RxCpltCallback  bsp_driver_sd.o
    0x08002338   0x08002338   0x00000008   Code   RO          105    i.HAL_SD_TxCpltCallback  bsp_driver_sd.o
    0x08002340   0x08002340   0x00000130   Code   RO          589    i.HAL_SD_WriteBlocks_DMA  stm32f7xx_hal_sd.o
    0x08002470   0x08002470   0x00000018   Code   RO          376    i.HAL_SYSTICK_CLKSourceConfig  stm32f7xx_hal_cortex.o
    0x08002488   0x08002488   0x00000026   Code   RO          378    i.HAL_SYSTICK_Config  stm32f7xx_hal_cortex.o
    0x080024ae   0x080024ae   0x00000002   Code   RO          618    i.HAL_UARTEx_WakeupCallback  stm32f7xx_hal_uart.o
    0x080024b0   0x080024b0   0x00000002   Code   RO          634    i.HAL_UART_ErrorCallback  stm32f7xx_hal_uart.o
    0x080024b2   0x080024b2   0x00000002   PAD
    0x080024b4   0x080024b4   0x0000015c   Code   RO          637    i.HAL_UART_IRQHandler  stm32f7xx_hal_uart.o
    0x08002610   0x08002610   0x00000066   Code   RO          638    i.HAL_UART_Init     stm32f7xx_hal_uart.o
    0x08002676   0x08002676   0x00000002   PAD
    0x08002678   0x08002678   0x00000074   Code   RO           34    i.HAL_UART_MspInit  usart.o
    0x080026ec   0x080026ec   0x00000002   Code   RO          650    i.HAL_UART_TxCpltCallback  stm32f7xx_hal_uart.o
    0x080026ee   0x080026ee   0x0000027c   Code   RO          171    i.HCD_HC_IN_IRQHandler  stm32f7xx_hal_hcd.o
    0x0800296a   0x0800296a   0x0000023e   Code   RO          172    i.HCD_HC_OUT_IRQHandler  stm32f7xx_hal_hcd.o
    0x08002ba8   0x08002ba8   0x00000094   Code   RO          173    i.HCD_Port_IRQHandler  stm32f7xx_hal_hcd.o
    0x08002c3c   0x08002c3c   0x00000074   Code   RO          174    i.HCD_RXQLVL_IRQHandler  stm32f7xx_hal_hcd.o
    0x08002cb0   0x08002cb0   0x00000002   Code   RO           47    i.HardFault_Handler  stm32f7xx_it.o
    0x08002cb2   0x08002cb2   0x00000002   PAD
    0x08002cb4   0x08002cb4   0x00000050   Code   RO           79    i.IIC_Ack           myiic.o
    0x08002d04   0x08002d04   0x00000050   Code   RO           80    i.IIC_Init          myiic.o
    0x08002d54   0x08002d54   0x00000050   Code   RO           81    i.IIC_NAck          myiic.o
    0x08002da4   0x08002da4   0x00000068   Code   RO           82    i.IIC_Read_Byte     myiic.o
    0x08002e0c   0x08002e0c   0x0000006c   Code   RO           83    i.IIC_Send_Byte     myiic.o
    0x08002e78   0x08002e78   0x00000050   Code   RO           84    i.IIC_Start         myiic.o
    0x08002ec8   0x08002ec8   0x00000050   Code   RO           85    i.IIC_Stop          myiic.o
    0x08002f18   0x08002f18   0x00000064   Code   RO           86    i.IIC_Wait_Ack      myiic.o
    0x08002f7c   0x08002f7c   0x0000000c   Code   RO           16    i.LED_DS0_Toggle    gpio.o
    0x08002f88   0x08002f88   0x0000000c   Code   RO           17    i.LED_DS1_Toggle    gpio.o
    0x08002f94   0x08002f94   0x000002f4   Code   RO          136    i.MSC_Application   fatfs.o
    0x08003288   0x08003288   0x0000003c   Code   RO           22    i.MX_DMA_Init       dma.o
    0x080032c4   0x080032c4   0x00000014   Code   RO          824    i.MX_DriverVbusFS   usbh_platform.o
    0x080032d8   0x080032d8   0x00000028   Code   RO          137    i.MX_FATFS_Init     fatfs.o
    0x08003300   0x08003300   0x000000cc   Code   RO           18    i.MX_GPIO_Init      gpio.o
    0x080033cc   0x080033cc   0x00000020   Code   RO           28    i.MX_SDMMC1_SD_Init  sdmmc.o
    0x080033ec   0x080033ec   0x0000003c   Code   RO           35    i.MX_USART1_UART_Init  usart.o
    0x08003428   0x08003428   0x00000040   Code   RO          788    i.MX_USB_HOST_Init  usb_host.o
    0x08003468   0x08003468   0x0000000c   Code   RO          789    i.MX_USB_HOST_Process  usb_host.o
    0x08003474   0x08003474   0x00000002   Code   RO           48    i.MemManage_Handler  stm32f7xx_it.o
    0x08003476   0x08003476   0x00000002   Code   RO           49    i.NMI_Handler       stm32f7xx_it.o
    0x08003478   0x08003478   0x0000000c   Code   RO           50    i.OTG_FS_IRQHandler  stm32f7xx_it.o
    0x08003484   0x08003484   0x00000058   Code   RO           71    i.PCF8574_Init      pcf8574.o
    0x080034dc   0x080034dc   0x00000020   Code   RO           73    i.PCF8574_ReadOneByte  pcf8574.o
    0x080034fc   0x080034fc   0x00000022   Code   RO           74    i.PCF8574_WriteBit  pcf8574.o
    0x0800351e   0x0800351e   0x0000002a   Code   RO           75    i.PCF8574_WriteOneByte  pcf8574.o
    0x08003548   0x08003548   0x00000002   Code   RO           51    i.PendSV_Handler    stm32f7xx_it.o
    0x0800354a   0x0800354a   0x00000002   PAD
    0x0800354c   0x0800354c   0x00000358   Code   RO            9    i.SDFatfs_test      main.o
    0x080038a4   0x080038a4   0x0000000c   Code   RO           52    i.SDMMC1_IRQHandler  stm32f7xx_it.o
    0x080038b0   0x080038b0   0x00000032   Code   RO          519    i.SDMMC_CmdAppCommand  stm32f7xx_ll_sdmmc.o
    0x080038e2   0x080038e2   0x00000002   PAD
    0x080038e4   0x080038e4   0x00000034   Code   RO          520    i.SDMMC_CmdAppOperCommand  stm32f7xx_ll_sdmmc.o
    0x08003918   0x08003918   0x00000032   Code   RO          521    i.SDMMC_CmdBlockLength  stm32f7xx_ll_sdmmc.o
    0x0800394a   0x0800394a   0x00000032   Code   RO          522    i.SDMMC_CmdBusWidth  stm32f7xx_ll_sdmmc.o
    0x0800397c   0x0800397c   0x00000050   Code   RO          526    i.SDMMC_CmdGoIdleState  stm32f7xx_ll_sdmmc.o
    0x080039cc   0x080039cc   0x00000070   Code   RO          528    i.SDMMC_CmdOperCond  stm32f7xx_ll_sdmmc.o
    0x08003a3c   0x08003a3c   0x00000032   Code   RO          529    i.SDMMC_CmdReadMultiBlock  stm32f7xx_ll_sdmmc.o
    0x08003a6e   0x08003a6e   0x00000032   Code   RO          530    i.SDMMC_CmdReadSingleBlock  stm32f7xx_ll_sdmmc.o
    0x08003aa0   0x08003aa0   0x00000030   Code   RO          533    i.SDMMC_CmdSelDesel  stm32f7xx_ll_sdmmc.o
    0x08003ad0   0x08003ad0   0x0000002a   Code   RO          534    i.SDMMC_CmdSendCID  stm32f7xx_ll_sdmmc.o
    0x08003afa   0x08003afa   0x0000002e   Code   RO          535    i.SDMMC_CmdSendCSD  stm32f7xx_ll_sdmmc.o
    0x08003b28   0x08003b28   0x00000030   Code   RO          536    i.SDMMC_CmdSendSCR  stm32f7xx_ll_sdmmc.o
    0x08003b58   0x08003b58   0x00000032   Code   RO          537    i.SDMMC_CmdSendStatus  stm32f7xx_ll_sdmmc.o
    0x08003b8a   0x08003b8a   0x00000030   Code   RO          538    i.SDMMC_CmdSetRelAdd  stm32f7xx_ll_sdmmc.o
    0x08003bba   0x08003bba   0x00000002   PAD
    0x08003bbc   0x08003bbc   0x00000034   Code   RO          540    i.SDMMC_CmdStopTransfer  stm32f7xx_ll_sdmmc.o
    0x08003bf0   0x08003bf0   0x00000032   Code   RO          542    i.SDMMC_CmdWriteMultiBlock  stm32f7xx_ll_sdmmc.o
    0x08003c22   0x08003c22   0x00000032   Code   RO          543    i.SDMMC_CmdWriteSingleBlock  stm32f7xx_ll_sdmmc.o
    0x08003c54   0x08003c54   0x00000026   Code   RO          544    i.SDMMC_ConfigData  stm32f7xx_ll_sdmmc.o
    0x08003c7a   0x08003c7a   0x00000002   PAD
    0x08003c7c   0x08003c7c   0x00000120   Code   RO          545    i.SDMMC_GetCmdResp1  stm32f7xx_ll_sdmmc.o
    0x08003d9c   0x08003d9c   0x00000050   Code   RO          546    i.SDMMC_GetCmdResp2  stm32f7xx_ll_sdmmc.o
    0x08003dec   0x08003dec   0x00000044   Code   RO          547    i.SDMMC_GetCmdResp3  stm32f7xx_ll_sdmmc.o
    0x08003e30   0x08003e30   0x00000088   Code   RO          548    i.SDMMC_GetCmdResp6  stm32f7xx_ll_sdmmc.o
    0x08003eb8   0x08003eb8   0x00000008   Code   RO          552    i.SDMMC_GetPowerState  stm32f7xx_ll_sdmmc.o
    0x08003ec0   0x08003ec0   0x00000006   Code   RO          553    i.SDMMC_GetResponse  stm32f7xx_ll_sdmmc.o
    0x08003ec6   0x08003ec6   0x00000022   Code   RO          554    i.SDMMC_Init        stm32f7xx_ll_sdmmc.o
    0x08003ee8   0x08003ee8   0x00000010   Code   RO          556    i.SDMMC_PowerState_ON  stm32f7xx_ll_sdmmc.o
    0x08003ef8   0x08003ef8   0x00000006   Code   RO          557    i.SDMMC_ReadFIFO    stm32f7xx_ll_sdmmc.o
    0x08003efe   0x08003efe   0x00000022   Code   RO          558    i.SDMMC_SendCommand  stm32f7xx_ll_sdmmc.o
    0x08003f20   0x08003f20   0x0000000a   Code   RO          560    i.SDMMC_WriteFIFO   stm32f7xx_ll_sdmmc.o
    0x08003f2a   0x08003f2a   0x00000002   PAD
    0x08003f2c   0x08003f2c   0x00000020   Code   RO          111    i.SD_CheckStatus    sd_diskio.o
    0x08003f4c   0x08003f4c   0x00000024   Code   RO          112    i.SD_CheckStatusWithTimeout  sd_diskio.o
    0x08003f70   0x08003f70   0x00000064   Code   RO          591    i.SD_DMAError       stm32f7xx_hal_sd.o
    0x08003fd4   0x08003fd4   0x00000042   Code   RO          592    i.SD_DMAReceiveCplt  stm32f7xx_hal_sd.o
    0x08004016   0x08004016   0x00000044   Code   RO          593    i.SD_DMARxAbort     stm32f7xx_hal_sd.o
    0x0800405a   0x0800405a   0x0000000e   Code   RO          594    i.SD_DMATransmitCplt  stm32f7xx_hal_sd.o
    0x08004068   0x08004068   0x00000044   Code   RO          595    i.SD_DMATxAbort     stm32f7xx_hal_sd.o
    0x080040ac   0x080040ac   0x000000d6   Code   RO          596    i.SD_FindSCR        stm32f7xx_hal_sd.o
    0x08004182   0x08004182   0x000000ee   Code   RO          597    i.SD_InitCard       stm32f7xx_hal_sd.o
    0x08004270   0x08004270   0x000000b4   Code   RO          598    i.SD_PowerON        stm32f7xx_hal_sd.o
    0x08004324   0x08004324   0x0000001c   Code   RO          113    i.SD_initialize     sd_diskio.o
    0x08004340   0x08004340   0x00000058   Code   RO          114    i.SD_ioctl          sd_diskio.o
    0x08004398   0x08004398   0x00000078   Code   RO          115    i.SD_read           sd_diskio.o
    0x08004410   0x08004410   0x00000004   Code   RO          116    i.SD_status         sd_diskio.o
    0x08004414   0x08004414   0x00000078   Code   RO          117    i.SD_write          sd_diskio.o
    0x0800448c   0x0800448c   0x00000002   Code   RO           53    i.SVC_Handler       stm32f7xx_it.o
    0x0800448e   0x0800448e   0x00000004   Code   RO           54    i.SysTick_Handler   stm32f7xx_it.o
    0x08004492   0x08004492   0x00000002   PAD
    0x08004494   0x08004494   0x000000a4   Code   RO           10    i.SystemClock_Config  main.o
    0x08004538   0x08004538   0x0000001c   Code   RO          686    i.SystemInit        system_stm32f7xx.o
    0x08004554   0x08004554   0x000000c8   Code   RO          652    i.UART_AdvFeatureConfig  stm32f7xx_hal_uart.o
    0x0800461c   0x0800461c   0x00000058   Code   RO          653    i.UART_CheckIdleState  stm32f7xx_hal_uart.o
    0x08004674   0x08004674   0x00000014   Code   RO          654    i.UART_DMAAbortOnError  stm32f7xx_hal_uart.o
    0x08004688   0x08004688   0x00000020   Code   RO          664    i.UART_EndRxTransfer  stm32f7xx_hal_uart.o
    0x080046a8   0x080046a8   0x0000025c   Code   RO          668    i.UART_SetConfig    stm32f7xx_hal_uart.o
    0x08004904   0x08004904   0x000000a4   Code   RO          671    i.UART_WaitOnFlagUntilTimeout  stm32f7xx_hal_uart.o
    0x080049a8   0x080049a8   0x0000000c   Code   RO           55    i.USART1_IRQHandler  stm32f7xx_it.o
    0x080049b4   0x080049b4   0x00000038   Code   RO          880    i.USBH_AllocPipe    usbh_pipes.o
    0x080049ec   0x080049ec   0x00000020   Code   RO          868    i.USBH_BulkReceiveData  usbh_ioreq.o
    0x08004a0c   0x08004a0c   0x00000028   Code   RO          869    i.USBH_BulkSendData  usbh_ioreq.o
    0x08004a34   0x08004a34   0x0000000a   Code   RO          881    i.USBH_ClosePipe    usbh_pipes.o
    0x08004a3e   0x08004a3e   0x00000022   Code   RO          852    i.USBH_ClrFeature   usbh_ctlreq.o
    0x08004a60   0x08004a60   0x0000001e   Code   RO          870    i.USBH_CtlReceiveData  usbh_ioreq.o
    0x08004a7e   0x08004a7e   0x0000003a   Code   RO          853    i.USBH_CtlReq       usbh_ctlreq.o
    0x08004ab8   0x08004ab8   0x00000028   Code   RO          871    i.USBH_CtlSendData  usbh_ioreq.o
    0x08004ae0   0x08004ae0   0x0000001e   Code   RO          872    i.USBH_CtlSendSetup  usbh_ioreq.o
    0x08004afe   0x08004afe   0x00000004   Code   RO          804    i.USBH_Delay        usbh_conf.o
    0x08004b02   0x08004b02   0x00000040   Code   RO          830    i.USBH_FindInterface  usbh_core.o
    0x08004b42   0x08004b42   0x00000018   Code   RO          882    i.USBH_FreePipe     usbh_pipes.o
    0x08004b5a   0x08004b5a   0x00000034   Code   RO          854    i.USBH_GetDescriptor  usbh_ctlreq.o
    0x08004b8e   0x08004b8e   0x0000000e   Code   RO          855    i.USBH_GetNextDesc  usbh_ctlreq.o
    0x08004b9c   0x08004b9c   0x0000002c   Code   RO          856    i.USBH_Get_CfgDesc  usbh_ctlreq.o
    0x08004bc8   0x08004bc8   0x00000090   Code   RO          857    i.USBH_Get_DevDesc  usbh_ctlreq.o
    0x08004c58   0x08004c58   0x00000048   Code   RO          858    i.USBH_Get_StringDesc  usbh_ctlreq.o
    0x08004ca0   0x08004ca0   0x00000018   Code   RO          805    i.USBH_Get_USB_Status  usbh_conf.o
    0x08004cb8   0x08004cb8   0x000001cc   Code   RO          859    i.USBH_HandleControl  usbh_ctlreq.o
    0x08004e84   0x08004e84   0x000003dc   Code   RO          833    i.USBH_HandleEnum   usbh_core.o
    0x08005260   0x08005260   0x00000070   Code   RO          834    i.USBH_Init         usbh_core.o
    0x080052d0   0x080052d0   0x00000012   Code   RO          806    i.USBH_LL_ClosePipe  usbh_conf.o
    0x080052e2   0x080052e2   0x00000014   Code   RO          836    i.USBH_LL_Connect   usbh_core.o
    0x080052f6   0x080052f6   0x0000002e   Code   RO          837    i.USBH_LL_Disconnect  usbh_core.o
    0x08005324   0x08005324   0x0000001a   Code   RO          808    i.USBH_LL_DriverVBUS  usbh_conf.o
    0x0800533e   0x0800533e   0x00000008   Code   RO          809    i.USBH_LL_GetLastXferSize  usbh_conf.o
    0x08005346   0x08005346   0x00000022   Code   RO          810    i.USBH_LL_GetSpeed  usbh_conf.o
    0x08005368   0x08005368   0x0000001e   Code   RO          811    i.USBH_LL_GetToggle  usbh_conf.o
    0x08005386   0x08005386   0x00000008   Code   RO          812    i.USBH_LL_GetURBState  usbh_conf.o
    0x0800538e   0x0800538e   0x0000001e   Code   RO          838    i.USBH_LL_IncTimer  usbh_core.o
    0x080053ac   0x080053ac   0x00000050   Code   RO          813    i.USBH_LL_Init      usbh_conf.o
    0x080053fc   0x080053fc   0x0000001c   Code   RO          814    i.USBH_LL_OpenPipe  usbh_conf.o
    0x08005418   0x08005418   0x00000008   Code   RO          839    i.USBH_LL_PortDisabled  usbh_core.o
    0x08005420   0x08005420   0x00000008   Code   RO          840    i.USBH_LL_PortEnabled  usbh_core.o
    0x08005428   0x08005428   0x00000012   Code   RO          815    i.USBH_LL_ResetPort  usbh_conf.o
    0x0800543a   0x0800543a   0x00000006   Code   RO          841    i.USBH_LL_SetTimer  usbh_core.o
    0x08005440   0x08005440   0x00000020   Code   RO          816    i.USBH_LL_SetToggle  usbh_conf.o
    0x08005460   0x08005460   0x00000012   Code   RO          817    i.USBH_LL_Start     usbh_conf.o
    0x08005472   0x08005472   0x00000012   Code   RO          818    i.USBH_LL_Stop      usbh_conf.o
    0x08005484   0x08005484   0x00000022   Code   RO          819    i.USBH_LL_SubmitURB  usbh_conf.o
    0x080054a6   0x080054a6   0x00000020   Code   RO          904    i.USBH_MSC_BOT_Abort  usbh_msc_bot.o
    0x080054c6   0x080054c6   0x00000002   PAD
    0x080054c8   0x080054c8   0x00000024   Code   RO          905    i.USBH_MSC_BOT_Init  usbh_msc_bot.o
    0x080054ec   0x080054ec   0x000001dc   Code   RO          906    i.USBH_MSC_BOT_Process  usbh_msc_bot.o
    0x080056c8   0x080056c8   0x0000001c   Code   RO          907    i.USBH_MSC_BOT_REQ_GetMaxLUN  usbh_msc_bot.o
    0x080056e4   0x080056e4   0x00000016   Code   RO          908    i.USBH_MSC_BOT_REQ_Reset  usbh_msc_bot.o
    0x080056fa   0x080056fa   0x00000002   PAD
    0x080056fc   0x080056fc   0x000000a8   Code   RO          887    i.USBH_MSC_ClassRequest  usbh_msc.o
    0x080057a4   0x080057a4   0x0000002e   Code   RO          888    i.USBH_MSC_GetLUNInfo  usbh_msc.o
    0x080057d2   0x080057d2   0x0000004a   Code   RO          890    i.USBH_MSC_InterfaceDeInit  usbh_msc.o
    0x0800581c   0x0800581c   0x000000f8   Code   RO          891    i.USBH_MSC_InterfaceInit  usbh_msc.o
    0x08005914   0x08005914   0x00000504   Code   RO          893    i.USBH_MSC_Process  usbh_msc.o
    0x08005e18   0x08005e18   0x00000134   Code   RO          894    i.USBH_MSC_RdWrProcess  usbh_msc.o
    0x08005f4c   0x08005f4c   0x0000008a   Code   RO          895    i.USBH_MSC_Read     usbh_msc.o
    0x08005fd6   0x08005fd6   0x000000d4   Code   RO          912    i.USBH_MSC_SCSI_Inquiry  usbh_msc_scsi.o
    0x080060aa   0x080060aa   0x00000088   Code   RO          913    i.USBH_MSC_SCSI_Read  usbh_msc_scsi.o
    0x08006132   0x08006132   0x0000007a   Code   RO          914    i.USBH_MSC_SCSI_ReadCapacity  usbh_msc_scsi.o
    0x080061ac   0x080061ac   0x00000096   Code   RO          915    i.USBH_MSC_SCSI_RequestSense  usbh_msc_scsi.o
    0x08006242   0x08006242   0x0000004e   Code   RO          916    i.USBH_MSC_SCSI_TestUnitReady  usbh_msc_scsi.o
    0x08006290   0x08006290   0x00000088   Code   RO          917    i.USBH_MSC_SCSI_Write  usbh_msc_scsi.o
    0x08006318   0x08006318   0x00000004   Code   RO          896    i.USBH_MSC_SOFProcess  usbh_msc.o
    0x0800631c   0x0800631c   0x00000026   Code   RO          897    i.USBH_MSC_UnitIsReady  usbh_msc.o
    0x08006342   0x08006342   0x0000008a   Code   RO          898    i.USBH_MSC_Write    usbh_msc.o
    0x080063cc   0x080063cc   0x00000014   Code   RO          883    i.USBH_OpenPipe     usbh_pipes.o
    0x080063e0   0x080063e0   0x000000de   Code   RO          860    i.USBH_ParseCfgDesc  usbh_ctlreq.o
    0x080064be   0x080064be   0x00000002   PAD
    0x080064c0   0x080064c0   0x00000494   Code   RO          842    i.USBH_Process      usbh_core.o
    0x08006954   0x08006954   0x00000080   Code   RO          844    i.USBH_RegisterClass  usbh_core.o
    0x080069d4   0x080069d4   0x000000f4   Code   RO          845    i.USBH_SelectInterface  usbh_core.o
    0x08006ac8   0x08006ac8   0x0000001c   Code   RO          861    i.USBH_SetAddress   usbh_ctlreq.o
    0x08006ae4   0x08006ae4   0x0000001c   Code   RO          862    i.USBH_SetCfg       usbh_ctlreq.o
    0x08006b00   0x08006b00   0x0000001c   Code   RO          863    i.USBH_SetFeature   usbh_ctlreq.o
    0x08006b1c   0x08006b1c   0x00000014   Code   RO          846    i.USBH_Start        usbh_core.o
    0x08006b30   0x08006b30   0x00000020   Code   RO          790    i.USBH_UserProcess  usb_host.o
    0x08006b50   0x08006b50   0x00000004   Code   RO          127    i.USBH_initialize   usbh_diskio.o
    0x08006b54   0x08006b54   0x0000006c   Code   RO          128    i.USBH_ioctl        usbh_diskio.o
    0x08006bc0   0x08006bc0   0x00000078   Code   RO          129    i.USBH_read         usbh_diskio.o
    0x08006c38   0x08006c38   0x00000018   Code   RO          130    i.USBH_status       usbh_diskio.o
    0x08006c50   0x08006c50   0x000000b4   Code   RO          131    i.USBH_write        usbh_diskio.o
    0x08006d04   0x08006d04   0x0000006c   Code   RO          183    i.USB_CoreInit      stm32f7xx_ll_usb.o
    0x08006d70   0x08006d70   0x00000038   Code   RO          184    i.USB_CoreReset     stm32f7xx_ll_usb.o
    0x08006da8   0x08006da8   0x0000000c   Code   RO          191    i.USB_DisableGlobalInt  stm32f7xx_ll_usb.o
    0x08006db4   0x08006db4   0x00000024   Code   RO          192    i.USB_DoPing        stm32f7xx_ll_usb.o
    0x08006dd8   0x08006dd8   0x0000002c   Code   RO          193    i.USB_DriveVbus     stm32f7xx_ll_usb.o
    0x08006e04   0x08006e04   0x0000000c   Code   RO          199    i.USB_EnableGlobalInt  stm32f7xx_ll_usb.o
    0x08006e10   0x08006e10   0x00000020   Code   RO          200    i.USB_FlushRxFifo   stm32f7xx_ll_usb.o
    0x08006e30   0x08006e30   0x00000024   Code   RO          201    i.USB_FlushTxFifo   stm32f7xx_ll_usb.o
    0x08006e54   0x08006e54   0x00000008   Code   RO          202    i.USB_GetCurrentFrame  stm32f7xx_ll_usb.o
    0x08006e5c   0x08006e5c   0x0000000e   Code   RO          204    i.USB_GetHostSpeed  stm32f7xx_ll_usb.o
    0x08006e6a   0x08006e6a   0x00000008   Code   RO          205    i.USB_GetMode       stm32f7xx_ll_usb.o
    0x08006e72   0x08006e72   0x000000c2   Code   RO          206    i.USB_HC_Halt       stm32f7xx_ll_usb.o
    0x08006f34   0x08006f34   0x000000fc   Code   RO          207    i.USB_HC_Init       stm32f7xx_ll_usb.o
    0x08007030   0x08007030   0x00000008   Code   RO          208    i.USB_HC_ReadInterrupt  stm32f7xx_ll_usb.o
    0x08007038   0x08007038   0x00000150   Code   RO          209    i.USB_HC_StartXfer  stm32f7xx_ll_usb.o
    0x08007188   0x08007188   0x000000c4   Code   RO          210    i.USB_HostInit      stm32f7xx_ll_usb.o
    0x0800724c   0x0800724c   0x00000038   Code   RO          211    i.USB_InitFSLSPClkSel  stm32f7xx_ll_usb.o
    0x08007284   0x08007284   0x00000008   Code   RO          216    i.USB_ReadInterrupts  stm32f7xx_ll_usb.o
    0x0800728c   0x0800728c   0x0000001c   Code   RO          217    i.USB_ReadPacket    stm32f7xx_ll_usb.o
    0x080072a8   0x080072a8   0x00000032   Code   RO          218    i.USB_ResetPort     stm32f7xx_ll_usb.o
    0x080072da   0x080072da   0x0000002e   Code   RO          219    i.USB_SetCurrentMode  stm32f7xx_ll_usb.o
    0x08007308   0x08007308   0x0000007e   Code   RO          224    i.USB_StopHost      stm32f7xx_ll_usb.o
    0x08007386   0x08007386   0x00000024   Code   RO          225    i.USB_WritePacket   stm32f7xx_ll_usb.o
    0x080073aa   0x080073aa   0x00000002   Code   RO           56    i.UsageFault_Handler  stm32f7xx_it.o
    0x080073ac   0x080073ac   0x00000030   Code   RO          138    i.UsbTest           fatfs.o
    0x080073dc   0x080073dc   0x00000020   Code   RO          992    i.__0printf$5       mc_w.l(printf5.o)
    0x080073fc   0x080073fc   0x00000022   Code   RO          380    i.__NVIC_SetPriority  stm32f7xx_hal_cortex.o
    0x0800741e   0x0800741e   0x0000000e   Code   RO         1100    i.__scatterload_copy  mc_w.l(handlers.o)
    0x0800742c   0x0800742c   0x00000002   Code   RO         1101    i.__scatterload_null  mc_w.l(handlers.o)
    0x0800742e   0x0800742e   0x0000000e   Code   RO         1102    i.__scatterload_zeroinit  mc_w.l(handlers.o)
    0x0800743c   0x0800743c   0x000002c0   Code   RO          999    i._printf_core      mc_w.l(printf5.o)
    0x080076fc   0x080076fc   0x00000070   Code   RO          702    i.check_fs          ff.o
    0x0800776c   0x0800776c   0x00000010   Code   RO          703    i.chk_chr           ff.o
    0x0800777c   0x0800777c   0x0000005c   Code   RO          704    i.chk_lock          ff.o
    0x080077d8   0x080077d8   0x00000020   Code   RO          705    i.clear_lock        ff.o
    0x080077f8   0x080077f8   0x00000024   Code   RO          706    i.clmt_clust        ff.o
    0x0800781c   0x0800781c   0x00000018   Code   RO          707    i.clust2sect        ff.o
    0x08007834   0x08007834   0x00000080   Code   RO          708    i.cmp_lfn           ff.o
    0x080078b4   0x080078b4   0x000000a6   Code   RO          709    i.create_chain      ff.o
    0x0800795a   0x0800795a   0x00000002   PAD
    0x0800795c   0x0800795c   0x00000240   Code   RO          710    i.create_name       ff.o
    0x08007b9c   0x08007b9c   0x00000034   Code   RO          711    i.dec_lock          ff.o
    0x08007bd0   0x08007bd0   0x00000014   Code   RO           64    i.delay_init        delay.o
    0x08007be4   0x08007be4   0x0000001a   Code   RO           65    i.delay_ms          delay.o
    0x08007bfe   0x08007bfe   0x00000002   PAD
    0x08007c00   0x08007c00   0x00000034   Code   RO           66    i.delay_us          delay.o
    0x08007c34   0x08007c34   0x000000d2   Code   RO          712    i.dir_find          ff.o
    0x08007d06   0x08007d06   0x00000002   PAD
    0x08007d08   0x08007d08   0x000000f4   Code   RO          713    i.dir_next          ff.o
    0x08007dfc   0x08007dfc   0x000001e4   Code   RO          715    i.dir_register      ff.o
    0x08007fe0   0x08007fe0   0x00000082   Code   RO          717    i.dir_sdi           ff.o
    0x08008062   0x08008062   0x00000002   PAD
    0x08008064   0x08008064   0x00000028   Code   RO          693    i.disk_initialize   diskio.o
    0x0800808c   0x0800808c   0x00000018   Code   RO          694    i.disk_ioctl        diskio.o
    0x080080a4   0x080080a4   0x0000001c   Code   RO          695    i.disk_read         diskio.o
    0x080080c0   0x080080c0   0x00000014   Code   RO          696    i.disk_status       diskio.o
    0x080080d4   0x080080d4   0x0000001c   Code   RO          697    i.disk_write        diskio.o
    0x080080f0   0x080080f0   0x00000030   Code   RO           11    i.exf_getfree       main.o
    0x08008120   0x08008120   0x00000028   Code   RO          718    i.f_close           ff.o
    0x08008148   0x08008148   0x000000d4   Code   RO          720    i.f_getfree         ff.o
    0x0800821c   0x0800821c   0x00000058   Code   RO          725    i.f_mount           ff.o
    0x08008274   0x08008274   0x00000218   Code   RO          726    i.f_open            ff.o
    0x0800848c   0x0800848c   0x00000154   Code   RO          731    i.f_read            ff.o
    0x080085e0   0x080085e0   0x0000008e   Code   RO          735    i.f_sync            ff.o
    0x0800866e   0x0800866e   0x0000018c   Code   RO          738    i.f_write           ff.o
    0x080087fa   0x080087fa   0x00000002   PAD
    0x080087fc   0x080087fc   0x0000004c   Code   RO          782    i.ff_convert        cc936.o
    0x08008848   0x08008848   0x00000080   Code   RO          783    i.ff_wtoupper       cc936.o
    0x080088c8   0x080088c8   0x00000258   Code   RO          739    i.find_volume       ff.o
    0x08008b20   0x08008b20   0x00000074   Code   RO          740    i.follow_path       ff.o
    0x08008b94   0x08008b94   0x00000014   Code   RO           37    i.fputc             usart.o
    0x08008ba8   0x08008ba8   0x00000050   Code   RO         1056    i.free              mc_w.l(malloc.o)
    0x08008bf8   0x08008bf8   0x00000090   Code   RO          741    i.gen_numname       ff.o
    0x08008c88   0x08008c88   0x000000be   Code   RO          742    i.get_fat           ff.o
    0x08008d46   0x08008d46   0x00000004   Code   RO          139    i.get_fattime       fatfs.o
    0x08008d4a   0x08008d4a   0x0000003c   Code   RO          744    i.get_ldnumber      ff.o
    0x08008d86   0x08008d86   0x00000002   PAD
    0x08008d88   0x08008d88   0x00000080   Code   RO          745    i.inc_lock          ff.o
    0x08008e08   0x08008e08   0x00000026   Code   RO          746    i.ld_clust          ff.o
    0x08008e2e   0x08008e2e   0x00000016   Code   RO          747    i.ld_dword          ff.o
    0x08008e44   0x08008e44   0x0000000a   Code   RO          748    i.ld_word           ff.o
    0x08008e4e   0x08008e4e   0x00000002   PAD
    0x08008e50   0x08008e50   0x0000010c   Code   RO           12    i.main              main.o
    0x08008f5c   0x08008f5c   0x0000006c   Code   RO         1057    i.malloc            mc_w.l(malloc.o)
    0x08008fc8   0x08008fc8   0x00000012   Code   RO          749    i.mem_cpy           ff.o
    0x08008fda   0x08008fda   0x00000002   PAD
    0x08008fdc   0x08008fdc   0x0000000e   Code   RO          750    i.mem_set           ff.o
    0x08008fea   0x08008fea   0x00000032   Code   RO          751    i.move_window       ff.o
    0x0800901c   0x0800901c   0x000000f0   Code   RO          753    i.put_fat           ff.o
    0x0800910c   0x0800910c   0x00000074   Code   RO          756    i.remove_chain      ff.o
    0x08009180   0x08009180   0x00000028   Code   RO          757    i.st_clust          ff.o
    0x080091a8   0x080091a8   0x00000010   Code   RO          758    i.st_dword          ff.o
    0x080091b8   0x080091b8   0x00000008   Code   RO          759    i.st_word           ff.o
    0x080091c0   0x080091c0   0x0000001c   Code   RO          760    i.sum_sfn           ff.o
    0x080091dc   0x080091dc   0x00000088   Code   RO          761    i.sync_fs           ff.o
    0x08009264   0x08009264   0x00000052   Code   RO          762    i.sync_window       ff.o
    0x080092b6   0x080092b6   0x00000034   Code   RO          763    i.validate          ff.o
    0x080092ea   0x080092ea   0x00000002   PAD
    0x080092ec   0x080092ec   0x00000014   Data   RO          118    .constdata          sd_diskio.o
    0x08009300   0x08009300   0x00000014   Data   RO          132    .constdata          usbh_diskio.o
    0x08009314   0x08009314   0x00000008   Data   RO          315    .constdata          stm32f7xx_hal_dma.o
    0x0800931c   0x0800931c   0x00000010   Data   RO          687    .constdata          system_stm32f7xx.o
    0x0800932c   0x0800932c   0x00000008   Data   RO          688    .constdata          system_stm32f7xx.o
    0x08009334   0x08009334   0x0000002a   Data   RO          765    .constdata          ff.o
    0x0800935e   0x0800935e   0x0002abb6   Data   RO          784    .constdata          cc936.o
    0x08033f14   0x08033f14   0x00000042   Data   RO          848    .conststring        usbh_core.o
    0x08033f56   0x08033f56   0x00000002   PAD
    0x08033f58   0x08033f58   0x00000004   Data   RO          899    .conststring        usbh_msc.o
    0x08033f5c   0x08033f5c   0x00000020   Data   RO         1098    Region$$Table       anon$$obj.o


    Execution Region RW_IRAM1 (Exec base: 0x20000000, Load base: 0x08033f7c, Size: 0x00001b00, Max: 0x00080000, ABSOLUTE)

    Exec Addr    Load Addr    Size         Type   Attr      Idx    E Section Name        Object

    0x20000000   0x08033f7c   0x00000004   Data   RW           39    .data               usart.o
    0x20000004   0x08033f80   0x00000004   Data   RW           67    .data               delay.o
    0x20000008   0x08033f84   0x0000000c   Data   RW          119    .data               sd_diskio.o
    0x20000014   0x08033f90   0x0000000a   Data   RW          144    .data               fatfs.o
    0x2000001e   0x08033f9a   0x00000002   PAD
    0x20000020   0x08033f9c   0x00000004   Data   RW          226    .data               stm32f7xx_ll_usb.o
    0x20000024   0x08033fa0   0x0000000c   Data   RW          415    .data               stm32f7xx_hal.o
    0x20000030   0x08033fac   0x00000004   Data   RW          689    .data               system_stm32f7xx.o
    0x20000034   0x08033fb0   0x0000000c   Data   RW          766    .data               ff.o
    0x20000040   0x08033fbc   0x00000001   Data   RW          792    .data               usb_host.o
    0x20000041   0x08033fbd   0x00000003   PAD
    0x20000044   0x08033fc0   0x00000020   Data   RW          900    .data               usbh_msc.o
    0x20000064   0x08033fe0   0x00000004   Data   RW         1087    .data               mc_w.l(mvars.o)
    0x20000068   0x08033fe4   0x00000004   Data   RW         1088    .data               mc_w.l(mvars.o)
    0x2000006c        -       0x00000144   Zero   RW           29    .bss                sdmmc.o
    0x200001b0        -       0x00000080   Zero   RW           38    .bss                usart.o
    0x20000230        -       0x00000020   Zero   RW          764    .bss                ff.o
    0x20000250        -       0x00000010   Zero   RW          775    .bss                ff_gen_drv.o
    0x20000260        -       0x000003d8   Zero   RW          791    .bss                usb_host.o
    0x20000638        -       0x000002c4   Zero   RW          820    .bss                usbh_conf.o
    0x200008fc   0x08033fe8   0x00000004   PAD
    0x20000900        -       0x00000200   Zero   RW            2    HEAP                startup_stm32f767xx.o
    0x20000b00        -       0x00001000   Zero   RW            1    STACK               startup_stm32f767xx.o


==============================================================================

Image component sizes


      Code (inc. data)   RO Data    RW Data    ZI Data      Debug   Object Name

       192         22          0          0          0          0   bsp_driver_sd.o
       204         26     175030          0          0          0   cc936.o
        98          8          0          4          0          0   delay.o
       140         26          0          0          0          0   diskio.o
        60          4          0          0          0          0   dma.o
       848        508          0         10          0          0   fatfs.o
        24          4          0          0          0          0   fatfs_platform.o
      6164         98         42         12         32          0   ff.o
        82         10          0          0         16          0   ff_gen_drv.o
       228         20          0          0          0          0   gpio.o
      1338        654          0          0          0          0   main.o
       712         40          0          0          0          0   myiic.o
       196          8          0          0          0          0   pcf8574.o
       452         34         20         12          0          0   sd_diskio.o
       400         34          0          0        324          0   sdmmc.o
        36          8        504          0       4608          0   startup_stm32f767xx.o
       150         24          0         12          0          0   stm32f7xx_hal.o
       222         12          0          0          0          0   stm32f7xx_hal_cortex.o
       970         16          8          0          0          0   stm32f7xx_hal_dma.o
       504         52          0          0          0          0   stm32f7xx_hal_gpio.o
      2324          6          0          0          0          0   stm32f7xx_hal_hcd.o
        48          6          0          0          0          0   stm32f7xx_hal_msp.o
       108          8          0          0          0          0   stm32f7xx_hal_pwr_ex.o
      1388         70          0          0          0          0   stm32f7xx_hal_rcc.o
      1340         22          0          0          0          0   stm32f7xx_hal_rcc_ex.o
      2966         54          0          0          0          0   stm32f7xx_hal_sd.o
      1564         74          0          0          0          0   stm32f7xx_hal_uart.o
        80         30          0          0          0          0   stm32f7xx_it.o
      1652         46          0          0          0          0   stm32f7xx_ll_sdmmc.o
      1702         52          0          4          0          0   stm32f7xx_ll_usb.o
        28          6         24          4          0          0   system_stm32f7xx.o
       196         26          0          4        128          0   usart.o
       108         22          0          1        984          0   usb_host.o
       554         14          0          0        708          0   usbh_conf.o
      2926       1088         66          0          0          0   usbh_core.o
      1184         66          0          0          0          0   usbh_ctlreq.o
       436        124         20          0          0          0   usbh_diskio.o
       172          0          0          0          0          0   usbh_ioreq.o
      2446        434          4         32          0          0   usbh_msc.o
       594         24          0          0          0          0   usbh_msc_bot.o
       834          0          0          0          0          0   usbh_msc_scsi.o
       110          0          0          0          0          0   usbh_pipes.o
        20          4          0          0          0          0   usbh_platform.o

    ----------------------------------------------------------------------
     35866       3784     175752        100       6804          0   Object Totals
         0          0         32          0          0          0   (incl. Generated)
        66          0          2          5          4          0   (incl. Padding)

    ----------------------------------------------------------------------

      Code (inc. data)   RO Data    RW Data    ZI Data      Debug   Library Member Name

         0          0          0          0          0          0   entry.o
         0          0          0          0          0          0   entry10a.o
         0          0          0          0          0          0   entry11a.o
         8          4          0          0          0          0   entry2.o
         4          0          0          0          0          0   entry5.o
         0          0          0          0          0          0   entry7b.o
         0          0          0          0          0          0   entry8b.o
         8          4          0          0          0          0   entry9a.o
        30          0          0          0          0          0   handlers.o
        36          8          0          0          0          0   init.o
        30          0          0          0          0          0   llshl.o
        32          0          0          0          0          0   llushr.o
       188         20          0          0          0          0   malloc.o
        36          0          0          0          0          0   memcpya.o
        36          0          0          0          0          0   memseta.o
         0          0          0          8          0          0   mvars.o
       736         56          0          0          0          0   printf5.o
        98          0          0          0          0          0   uldiv.o

    ----------------------------------------------------------------------
      1242         92          0          8          0          0   Library Totals
         0          0          0          0          0          0   (incl. Padding)

    ----------------------------------------------------------------------

      Code (inc. data)   RO Data    RW Data    ZI Data      Debug   Library Name

      1242         92          0          8          0          0   mc_w.l

    ----------------------------------------------------------------------
      1242         92          0          8          0          0   Library Totals

    ----------------------------------------------------------------------

==============================================================================


      Code (inc. data)   RO Data    RW Data    ZI Data      Debug   

     37108       3876     175752        108       6804          0   Grand Totals
     37108       3876     175752        108       6804          0   ELF Image Totals
     37108       3876     175752        108          0          0   ROM Totals

==============================================================================

    Total RO  Size (Code + RO Data)               212860 ( 207.87kB)
    Total RW  Size (RW Data + ZI Data)              6912 (   6.75kB)
    Total ROM Size (Code + RO Data + RW Data)     212968 ( 207.98kB)

==============================================================================

