<html>
<body>
<pre>
<h1>µVision Build Log</h1>
<h2>Tool Versions:</h2>
IDE-Version: ¦ÌVision V5.40.0.0
Copyright (C) 2024 ARM Ltd and ARM Germany GmbH. All rights reserved.
License Information: mao maozhiquan, 1, LIC=----
 
Tool Versions:
Toolchain:       MDK-ARM Plus  Version: 5.40.0.3
Toolchain Path:  D:\Users\code-use\keil\use\ARM\ARMCLANG\Bin
C Compiler:      ArmClang.exe V6.22
Assembler:       Armasm.exe V6.22
Linker/Locator:  ArmLink.exe V6.22
Library Manager: ArmAr.exe V6.22
Hex Converter:   FromElf.exe V6.22
CPU DLL:         SARMCM3.DLL V5.40.0.3
Dialog DLL:      DCM.DLL V1.17.5.0
Target DLL:      STLink\ST-LINKIII-KEIL_SWO.dll V3.3.0.0
Dialog DLL:      TCM.DLL V1.56.4.0
 
<h2>Project:</h2>
D:\project\32project\HAL\project1\usart\MDK-ARM\usart.uvprojx
Project File Date:  07/24/2024

<h2>Output:</h2>
*** Using Compiler 'V6.22', folder: 'D:\Users\code-use\keil\use\ARM\ARMCLANG\Bin'
Rebuild target 'usart'
assembling startup_stm32f407xx.s...
compiling gpio.c...
compiling main.c...
compiling dma.c...
compiling stm32f4xx_hal_tim.c...
compiling stm32f4xx_hal_msp.c...
compiling usart.c...
../Core/Src/stm32f4xx_it.c(237): warning: passing 'unsigned char[1024]' to parameter of type 'char *' converts between pointers to integer types where one is of the unique plain 'char' type and the other is not [-Wpointer-sign]
  237 |                 OLED_ShowString(2,1,Resebuf);
      |                                     ^~~~~~~
../use\OLED.h(7): note: passing argument to parameter 'String' here
    7 | void OLED_ShowString(uint8_t Line, uint8_t Column, char *String);
      |                                                          ^
../Core/Src/stm32f4xx_it.c(314): warning: passing 'unsigned char[1024]' to parameter of type 'char *' converts between pointers to integer types where one is of the unique plain 'char' type and the other is not [-Wpointer-sign]
  314 |         OLED_ShowString(3,5,Resebuf);
      |                             ^~~~~~~
../use\OLED.h(7): note: passing argument to parameter 'String' here
    7 | void OLED_ShowString(uint8_t Line, uint8_t Column, char *String);
      |                                                          ^
2 warnings generated.
compiling stm32f4xx_it.c...
compiling stm32f4xx_hal_tim_ex.c...
compiling stm32f4xx_hal_flash_ramfunc.c...
compiling stm32f4xx_hal_rcc_ex.c...
compiling stm32f4xx_hal_flash.c...
compiling stm32f4xx_hal_flash_ex.c...
compiling stm32f4xx_hal_rcc.c...
compiling stm32f4xx_hal_gpio.c...
compiling stm32f4xx_hal_dma_ex.c...
compiling stm32f4xx_hal_pwr_ex.c...
compiling stm32f4xx_hal_pwr.c...
compiling stm32f4xx_hal.c...
compiling stm32f4xx_hal_cortex.c...
compiling stm32f4xx_hal_dma.c...
compiling system_stm32f4xx.c...
compiling stm32f4xx_hal_uart.c...
compiling stm32f4xx_hal_exti.c...
compiling OLED.c...
linking...
Program Size: Code=10612 RO-data=1976 RW-data=12 ZI-data=2972  
FromELF: creating hex file...
"usart\usart.axf" - 0 Error(s), 2 Warning(s).

<h2>Software Packages used:</h2>

Package Vendor: ARM
                https://www.keil.com/pack/ARM.CMSIS.6.1.0.pack
                ARM::CMSIS@6.1.0
                CMSIS (Common Microcontroller Software Interface Standard)
   * Component: CORE Version: 6.1.0

Package Vendor: Keil
                https://www.keil.com/pack/Keil.STM32F4xx_DFP.2.17.1.pack
                Keil::STM32F4xx_DFP@2.17.1
                STMicroelectronics STM32F4 Series Device Support, Drivers and Examples

<h2>Collection of Component include folders:</h2>
  ./RTE/_usart
  D:/Users/code-use/keil/Pack/ARM/CMSIS/6.1.0/CMSIS/Core/Include
  D:/Users/code-use/keil/Pack/Keil/STM32F4xx_DFP/2.17.1/Drivers/CMSIS/Device/ST/STM32F4xx/Include

<h2>Collection of Component Files used:</h2>

   * Component: ARM::CMSIS:CORE@6.1.0
      Include file:  CMSIS/Core/Include/tz_context.h
Build Time Elapsed:  00:00:02
</pre>
</body>
</html>
