C51 COMPILER V9.00   APP                                                                   07/23/2019 18:55:23 PAGE 1   


C51 COMPILER V9.00, COMPILATION OF MODULE APP
OBJECT MODULE PLACED IN ..\output\app.obj
COMPILER INVOKED BY: C:\Keil\C51\BIN\C51.EXE ..\source\app.c BROWSE DEBUG OBJECTEXTEND PRINT(.\app.lst) OBJECT(..\output
                    -\app.obj)

line level    source

   1          #include "config.h"
   2          #include "timer_ISR.h"
   3          #include "LCD1602.h"
   4          #include "ultrasonic.h"
   5          #include "Delay.h"
   6          #include "motor.h"
   7          #include "Servo.h"
   8          #include "app.h"
   9          #include "main.h"
  10          
  11          bit Timer1Overflow;     //计数器1溢出标志位
  12          uchar code ASCII[13] = "0123456789";
  13          uchar disbuff[4]={0,0,0,0};//用于分别存放距离的值米，厘米，毫米
  14          uint LeftDistance = 0, RightDistance = 0, FrontDistance = 0; //云台测距距离缓存
  15          uint DistBuf[5] = {0};//distance data buffer
  16          
  17          /*====================================
  18          函数名  ：DispDistance(unsigned long Val)
  19          参数    ：距离
  20          返回值  ：无
  21          描述    ：LCD1602显示距离
  22          显示距离单位：毫米
  23          ====================================*/
  24          void DispDistance(unsigned int Val)
  25          {
  26   1              if((Val >= 5000) || (Timer1Overflow == 1))//超出测量范围
  27   1              {
  28   2                      Timer1Overflow = 0; //清除定时器溢出标志位
  29   2                      LCD1602_Dis_Str(0, 1, "!!! Out of range"); //LCD1602显示字符串  
  30   2              }
  31   1              else
  32   1              {
  33   2                      /*显示距离单位毫米*/
  34   2                      disbuff[0]=Val/1000; //距离数值千位
  35   2                      disbuff[1]=Val%1000/100;//距离数值百位
  36   2                      disbuff[2]=Val%100/10;//距离数值十位
  37   2                      disbuff[3]=Val%10; //距离数值个位
  38   2                      LCD1602_Dis_Str(0, 1, "Distance:0000 MM"); //显示：Distance:000.0cm
  39   2                  LCD1602_Dis_OneChar(9, 1,  ASCII[disbuff[0]]); //显示千位
  40   2                  LCD1602_Dis_OneChar(10, 1, ASCII[disbuff[1]]);      
  41   2                  LCD1602_Dis_OneChar(11, 1, ASCII[disbuff[2]]);      
  42   2                  LCD1602_Dis_OneChar(12, 1, ASCII[disbuff[3]]);                              
  43   2              }               
  44   1      }
  45          //冒泡排序
  46          void bubble(unsigned int *a,unsigned char n) /*定义两个参数：数组首地址与数组大小*/
  47          {
  48   1              unsigned int i,j,temp;  
  49   1              for(i = 0;i < n-1; i++) 
  50   1              {       
  51   2                      for(j = i + 1; j < n; j++) /*注意循环的上下限*/
  52   2                      {
  53   3                              if(a[i] > a[j])
  54   3                              {
C51 COMPILER V9.00   APP                                                                   07/23/2019 18:55:23 PAGE 2   

  55   4                                      temp = a[i];            
  56   4                                      a[i] = a[j];            
  57   4                                      a[j] = temp;                    
  58   4                              }
  59   3                      }
  60   2              }
  61   1      
  62   1      }
  63          /*====================================
  64          函数名  ：RefreshDistance
  65          参数    ：无
  66          返回值  ：经过冒泡排序后的距离
  67          描述    ：经过5次测距，去除最大值和最小值，取中间3次平均值
  68          距离单位：毫米
  69          ====================================*/
  70          unsigned int RefreshDistance()
  71          {
  72   1              uchar num;
  73   1              uint Dist;
  74   1              for(num=0; num<5; num++)
  75   1              {
  76   2                      DistBuf[num] = GetDistance();
  77   2                      Delay1ms(60);//测距周期不低于60毫秒     
  78   2              }
  79   1              bubble(DistBuf, 5);//
  80   1              Dist = (DistBuf[1]+DistBuf[2]+DistBuf[3])/3; //去掉最大和最小取中间平均值
  81   1              return(Dist);
  82   1      }
  83          /*红外避障*/
  84          void IR_Avoid()
  85          {
  86   1              if(UAvoidSensorLeft == 0)
  87   1              {
  88   2                      SmartCarRight(LeftSpeed, RightSpeed);//右转     
  89   2              }else if(UAvoidSensorRight == 0)
  90   1              {
  91   2                      SmartCarLeft(LeftSpeed, RightSpeed);//右转              
  92   2              }else
  93   1              {
  94   2                      SmartCarForward(LeftSpeed, RightSpeed);//前进   
  95   2              }
  96   1      }
  97          /*====================================
  98          函数名  ：PTZ_Avoid
  99          参数    ：无
 100          返回值  ：小车车头前方距离
 101          描述    ：智能小车舵机云台避障
 102          距离单位：毫米
 103          ====================================*/
 104          void PTZ_Avoid()
 105          {
 106   1              uint Dis;//距离暂存变量
 107   1              Dis = GetDistance();//获取超声波测距距离,单位：毫米
 108   1              if(Dis < 300)
 109   1              {
 110   2                      LCD1602_Dis_OneChar(0, 0, 'D');
 111   2                      DispDistance(Dis);//LCD1602显示超声波测距距离   
 112   2                      SmartCarStops();        //停车
 113   2                      Delay1ms(2000);
 114   2      
 115   2                      /*舵机左转测距*/
 116   2                      ServoLeft();
C51 COMPILER V9.00   APP                                                                   07/23/2019 18:55:23 PAGE 3   

 117   2                      LeftDistance = RefreshDistance();
 118   2                      LCD1602_Dis_OneChar(0, 0, 'L');
 119   2                      DispDistance(LeftDistance);//LCD1602显示超声波测距距离
 120   2                      Delay1ms(2000);
 121   2      
 122   2                      /*舵机右转测距*/
 123   2                      ServoRight();
 124   2                      RightDistance = RefreshDistance();
 125   2                      LCD1602_Dis_OneChar(0, 0, 'R');
 126   2                      DispDistance(RightDistance);//LCD1602显示超声波测距距离
 127   2                      Delay1ms(2000);
 128   2      
 129   2                      /*舵机正前方测距*/
 130   2                      ServoFront();
 131   2                      FrontDistance = RefreshDistance();
 132   2                      LCD1602_Dis_OneChar(0, 0, 'F');
 133   2                      DispDistance(FrontDistance);//LCD1602显示超声波测距距离
 134   2                      Delay1ms(2000);
 135   2                      if((FrontDistance<100) && (LeftDistance<100) && (RightDistance<100))
 136   2                      {
 137   3                              do{
 138   4                                      SmartCarLeftTurn(255, 255);//原地左转
 139   4                                      Delay1ms(50);
 140   4                                      /*舵机正前方测距*/
 141   4                                      ServoFront();
 142   4                                      Dis = RefreshDistance();
 143   4                                      LCD1602_Dis_OneChar(0, 0, 'D');
 144   4                                      DispDistance(Dis);//LCD1602显示超声波测距距离
 145   4                                      Delay1ms(2000);         
 146   4                              }while(Dis < 200);
 147   3                      }else if(LeftDistance > RightDistance)
 148   2                      {
 149   3                              LCD1602_Dis_OneChar(0, 0, 'L');
 150   3                              DispDistance(LeftDistance);//LCD1602显示超声波测距距离
 151   3                              Delay1ms(2000);
 152   3                              SmartCarLeftTurn(255, 255);//原地左转
 153   3                              Delay1ms(80);           
 154   3                      }else if(RightDistance > LeftDistance)
 155   2                      {
 156   3                              LCD1602_Dis_OneChar(0, 0, 'R');
 157   3                              DispDistance(RightDistance);//LCD1602显示超声波测距距离
 158   3                              Delay1ms(2000);
 159   3                              SmartCarRightTurn(255, 255);//原地右转
 160   3                              Delay1ms(80);   
 161   3                      }else if((FrontDistance>LeftDistance) && (FrontDistance>RightDistance))
 162   2                      {
 163   3                              LCD1602_Dis_OneChar(0, 0, 'F');
 164   3                              DispDistance(FrontDistance);//LCD1602显示超声波测距距离
 165   3                              Delay1ms(2000);
 166   3                              SmartCarForward(LeftSpeed, RightSpeed);//前进
 167   3                      }               
 168   2              }
 169   1              else
 170   1              {
 171   2                      for(Dis=0; Dis<1800; Dis++)//测距周期不低于60ms 这里借用Dis变量做循环
 172   2                      {
 173   3                              IR_Avoid();//红外避障
 174   3                      }
 175   2              }                       
 176   1      }
 177          

C51 COMPILER V9.00   APP                                                                   07/23/2019 18:55:23 PAGE 4   


MODULE INFORMATION:   STATIC OVERLAYABLE
   CODE SIZE        =    851    ----
   CONSTANT SIZE    =     47    ----
   XDATA SIZE       =   ----    ----
   PDATA SIZE       =   ----    ----
   DATA SIZE        =     20      12
   IDATA SIZE       =   ----    ----
   BIT SIZE         =      1    ----
END OF MODULE INFORMATION.


C51 COMPILATION COMPLETE.  0 WARNING(S),  0 ERROR(S)
