C51 COMPILER V9.54   MAIN                                                                  05/17/2024 14:41:37 PAGE 1   


C51 COMPILER V9.54, COMPILATION OF MODULE MAIN
OBJECT MODULE PLACED IN .\Objects\main.obj
COMPILER INVOKED BY: D:\51project\Keil_v5\keil\C51\BIN\C51.EXE main.c OPTIMIZE(8,SPEED) BROWSE DEBUG OBJECTEXTEND PRINT(
                    -.\Listings\main.lst) TABS(2) OBJECT(.\Objects\main.obj)

line level    source

   1          #include<reg52.h>
   2          
   3          sbit key=P3^2;
   4          
   5          unsigned char tab[]={0x03,~0x60,0x25,0x0D,0x99,0x49,0xC1,0x1F,0x01,0x09};//最低0是点，给1不亮
   6          
   7          int key_scan(){
   8   1        if(key==0){
   9   2          return 1;
  10   2        }
  11   1        return 0;
  12   1      }
  13          
  14          void main()
  15          {
  16   1        int count=0;
  17   1        while(1)
  18   1        {
  19   2          if(key_scan()==1)
  20   2          {
  21   3          count=count+1;
  22   3          count%=9;
  23   3          }
  24   2          P1=tab[count];
  25   2        }
  26   1      }
  27          
  28          
  29          
  30          


MODULE INFORMATION:   STATIC OVERLAYABLE
   CODE SIZE        =     53    ----
   CONSTANT SIZE    =   ----    ----
   XDATA SIZE       =   ----    ----
   PDATA SIZE       =   ----    ----
   DATA SIZE        =     10    ----
   IDATA SIZE       =   ----    ----
   BIT SIZE         =   ----    ----
END OF MODULE INFORMATION.


C51 COMPILATION COMPLETE.  0 WARNING(S),  0 ERROR(S)
