C51 COMPILER V9.54   MAIN                                                                  05/21/2024 17:38:29 PAGE 1   


C51 COMPILER V9.54, COMPILATION OF MODULE MAIN
OBJECT MODULE PLACED IN main.OBJ
COMPILER INVOKED BY: D:\51project\Keil_v5\keil\C51\BIN\C51.EXE main.c OPTIMIZE(8,SPEED) BROWSE DEBUG OBJECTEXTEND TABS(2
                    -)

line level    source

   1          /***************************************************************************
   2          实验名称： 数码管动态扫描实验
   3          
   4          实验模块:  51单片机核心板、动态扫描数码管区
   5          
   6          实验接线：  51单片机核心板------动态扫描数码管区
   7                    P0----------------J6
   8                    P2----------------J5
   9                      
  10          现象描述：  8位数码管从左向右依次显示“0~7”
  11          
  12          更新时间：2017.10.17
  13          ***************************************************************************/
  14          
  15          
  16          #include <REGX51.H>
  17          #define uchar unsigned char   //宏定义，为方便编程
  18          #define uint unsigned int
  19          #define DIGI P0         //宏定义，将P0口定义为数码管段选接口
  20          #define SELECT P2         //宏定义，将P2定义为数码管选择口
  21          
  22          uchar digivalue[]={0x3F,0x06,0x5B,0x4F,0x66,0x6D,0x7D,0x07};
  23          //显示的数字数组，依次为0，1，..，7
  24          uchar select[]={0x01,0x02,0x04,0x08,0x10,0x20,0x40,0x80}; //选择数码管数组，依次选择1，2，..，8
  25          
  26          uchar sno[]={2,2,3,4,0,2,2,5};
  27          uchar date[]={2,0,2,4,0,5,2,1};
  28          
  29          void Timer0_Init(void)    //100??@11.0592MHz
  30          {
  31   1        TMOD &= 0xF0;     //???????
  32   1        TL0 = 0x70;       //???????
  33   1        TH0 = 0xDD;       //???????
  34   1        TF0 = 0;        //??TF0??
  35   1        TR0 = 1;        //???0????
  36   1      }
  37          
  38          void delay() //延迟函数，决定数码管跳变的间隔时间
  39          { 
  40   1        uchar ii=200; //若发现数码管闪烁，调节这里即可
  41   1        while(ii--);
  42   1      }
  43          
  44          main() //主函数
  45          {
  46   1        uchar i=0;
  47   1        while(1)
  48   1        { 
  49   2          if(P1_0==0){
  50   3          for(i=0;i<8;i++)    //8个数码管轮流显示
  51   3          {
  52   4            SELECT=select[i];   //选择第i个数码管
  53   4            DIGI=0x90;
  54   4            DIGI=digivalue[sno[i]];   //显示i
C51 COMPILER V9.54   MAIN                                                                  05/21/2024 17:38:29 PAGE 2   

  55   4            delay();
  56   4          } 
  57   3          }
  58   2          else if(P1_0==1){
  59   3          for(i=0;i<8;i++)    //8个数码管轮流显示
  60   3          {
  61   4            SELECT=select[i];   //选择第i个数码管
  62   4            DIGI=0x90;
  63   4            DIGI=digivalue[date[i]];  //显示i
  64   4            delay();
  65   4          } 
  66   3          }
  67   2        }
  68   1      }
  69          
  70          void user() interrupt 1
  71          {
  72   1        TL0 = 0x70;       //???????
  73   1        TH0 = 0xDD;       //???????
  74   1      }


MODULE INFORMATION:   STATIC OVERLAYABLE
   CODE SIZE        =     99    ----
   CONSTANT SIZE    =   ----    ----
   XDATA SIZE       =   ----    ----
   PDATA SIZE       =   ----    ----
   DATA SIZE        =     32    ----
   IDATA SIZE       =   ----    ----
   BIT SIZE         =   ----    ----
END OF MODULE INFORMATION.


C51 COMPILATION COMPLETE.  0 WARNING(S),  0 ERROR(S)
