C51 COMPILER V9.54   LINK                                                                  07/06/2023 11:25:50 PAGE 1   


C51 COMPILER V9.54, COMPILATION OF MODULE LINK
OBJECT MODULE PLACED IN .\Objects\link.obj
COMPILER INVOKED BY: D:\51project\Keil_v5\C51\BIN\C51.EXE text\link.c OPTIMIZE(8,SPEED) BROWSE DEBUG OBJECTEXTEND PRINT(
                    -.\Listings\link.lst) TABS(2) OBJECT(.\Objects\link.obj)

line level    source

   1          #include <REGX52.H>
   2          #include "link.h"
   3          #include <INTRINS.H>
   4          
   5          //引脚定义
   6          
   7          /*
   8          sbit XPY2046_DIN=P3^4;
   9          sbit XPY2046_CS=P3^5;
  10          sbit XPY2046_DCLK=P3^6;
  11          sbit XPY2046_DOUT=P3^7;
  12          */
  13          
  14          #define XPY2046_DIN P3_4
  15          #define XPY2046_CS P3_5
  16          #define XPY2046_DCLK P3_6
  17          #define XPY2046_DOUT P3_7
  18          
  19          /**
  20            * @brief  ZPT2046读取AD值
  21            * @param  Command 命令字，范围：头文件内定义的宏，结尾的数字表示转换的位数
  22            * @retval AD转换后的数字量，范围：8位为0~255，12位为0~4095
  23            */
  24          unsigned int XPT2046_ReadAD(unsigned char Command)
  25          {
  26   1        unsigned char i;
  27   1        unsigned int Data=0;
  28   1        XPY2046_DCLK=0;
  29   1        XPY2046_CS=0;
  30   1        for(i=0;i<8;i++)
  31   1        {
  32   2          XPY2046_DIN=Command&(0x80>>i);
  33   2          XPY2046_DCLK=1;
  34   2          XPY2046_DCLK=0;
  35   2        }
  36   1        for(i=0;i<16;i++)
  37   1        {
  38   2          XPY2046_DCLK=1;
  39   2          XPY2046_DCLK=0;
  40   2          if(XPY2046_DOUT){Data|=(0x8000>>i);}
  41   2        }
  42   1        XPY2046_CS=1;
  43   1        return Data>>8;
  44   1      }


MODULE INFORMATION:   STATIC OVERLAYABLE
   CODE SIZE        =     89    ----
   CONSTANT SIZE    =   ----    ----
   XDATA SIZE       =   ----    ----
   PDATA SIZE       =   ----    ----
   DATA SIZE        =   ----       2
   IDATA SIZE       =   ----    ----
   BIT SIZE         =   ----    ----
C51 COMPILER V9.54   LINK                                                                  07/06/2023 11:25:50 PAGE 2   

END OF MODULE INFORMATION.


C51 COMPILATION COMPLETE.  0 WARNING(S),  0 ERROR(S)
